Archive member included to satisfy reference by file (symbol)

C:/NXP/S32DS_ARM_v2018.R1/S32DS/arm32_ewl2/lib/thumb/v7e-m/fpv4-sp/hard\libc99.a(exit.o)
                              C:/NXP/S32DS_ARM_v2018.R1/S32DS/arm32_ewl2/lib/thumb/v7e-m/fpv4-sp/hard/__arm_start.o (exit)
C:/NXP/S32DS_ARM_v2018.R1/S32DS/arm32_ewl2/lib/thumb/v7e-m/fpv4-sp/hard\libc99.a(memcpy.o)
                              ./Sources/usercode.o (memcpy)
C:/NXP/S32DS_ARM_v2018.R1/S32DS/arm32_ewl2/lib/thumb/v7e-m/fpv4-sp/hard\libc99.a(memset.o)
                              C:/NXP/S32DS_ARM_v2018.R1/S32DS/arm32_ewl2/lib/thumb/v7e-m/fpv4-sp/hard/__arm_start.o (memset)
C:/NXP/S32DS_ARM_v2018.R1/S32DS/arm32_ewl2/lib/thumb/v7e-m/fpv4-sp/hard\libc99.a(__filll_mem.o)
                              C:/NXP/S32DS_ARM_v2018.R1/S32DS/arm32_ewl2/lib/thumb/v7e-m/fpv4-sp/hard\libc99.a(memset.o) (__fill_mem)
c:/nxp/s32ds_arm_v2018.r1/cross_tools/gcc-6.3-arm32-eabi/bin/../lib/gcc/arm-none-eabi/6.3.1/thumb/v7e-m/fpv4-sp/hard\libgcc.a(_aeabi_uldivmod.o)
                              ./SDK/platform/drivers/src/lptmr/lptmr_driver.o (__aeabi_uldivmod)
c:/nxp/s32ds_arm_v2018.r1/cross_tools/gcc-6.3-arm32-eabi/bin/../lib/gcc/arm-none-eabi/6.3.1/thumb/v7e-m/fpv4-sp/hard\libgcc.a(_udivmoddi4.o)
                              c:/nxp/s32ds_arm_v2018.r1/cross_tools/gcc-6.3-arm32-eabi/bin/../lib/gcc/arm-none-eabi/6.3.1/thumb/v7e-m/fpv4-sp/hard\libgcc.a(_aeabi_uldivmod.o) (__udivmoddi4)
c:/nxp/s32ds_arm_v2018.r1/cross_tools/gcc-6.3-arm32-eabi/bin/../lib/gcc/arm-none-eabi/6.3.1/thumb/v7e-m/fpv4-sp/hard\libgcc.a(_dvmd_tls.o)
                              c:/nxp/s32ds_arm_v2018.r1/cross_tools/gcc-6.3-arm32-eabi/bin/../lib/gcc/arm-none-eabi/6.3.1/thumb/v7e-m/fpv4-sp/hard\libgcc.a(_aeabi_uldivmod.o) (__aeabi_ldiv0)
C:/NXP/S32DS_ARM_v2018.R1/S32DS/arm32_ewl2/lib/thumb/v7e-m/fpv4-sp/hard\librt.a(gcc_ctor_dtor.o)
                              C:/NXP/S32DS_ARM_v2018.R1/S32DS/arm32_ewl2/lib/thumb/v7e-m/fpv4-sp/hard/__arm_start.o (__init_cpp)
C:/NXP/S32DS_ARM_v2018.R1/S32DS/arm32_ewl2/lib/thumb/v7e-m/fpv4-sp/hard\librt.a(__arm_eabi_init.o)
                              C:/NXP/S32DS_ARM_v2018.R1/S32DS/arm32_ewl2/lib/thumb/v7e-m/fpv4-sp/hard\libc99.a(exit.o) (__destroy_global_chain)
C:/NXP/S32DS_ARM_v2018.R1/S32DS/arm32_ewl2/lib/thumb/v7e-m/fpv4-sp/hard\librt.a(ROMCopy.o)
                              C:/NXP/S32DS_ARM_v2018.R1/S32DS/arm32_ewl2/lib/thumb/v7e-m/fpv4-sp/hard/__arm_start.o (__copy_rom_sections_to_ram)

Allocating common symbols
Common symbol       size              file

taskList            0xf0              ./Sources/task.o
g_xtal0ClkFreq      0x4               ./SDK/platform/drivers/src/clock/S32K1xx/clock_S32K1xx.o
adc_pal1_Results00  0xa               ./Generated_Code/adc_pal1.o
adc_pal1_Results02  0xa               ./Generated_Code/adc_pal1.o
LLS1_Tx_Msg         0x4c              ./Sources/usercode.o
adc_pal1_Results03  0xa               ./Generated_Code/adc_pal1.o
g_RtcClkInFreq      0x4               ./SDK/platform/drivers/src/clock/S32K1xx/clock_S32K1xx.o
g_TClkFreq          0xc               ./SDK/platform/drivers/src/clock/S32K1xx/clock_S32K1xx.o
adc_pal1_Results01  0xa               ./Generated_Code/adc_pal1.o
LLC1_Rx_Msg         0x4c              ./Sources/usercode.o
dmaController1_State
                    0x40              ./Generated_Code/dmaController1.o
dmaController1Chn0_State
                    0x10              ./Generated_Code/dmaController1.o

Discarded input sections

 .text          0x00000000        0x0 C:/NXP/S32DS_ARM_v2018.R1/S32DS/arm32_ewl2/lib/thumb/v7e-m/fpv4-sp/hard/__arm_start.o
 .data          0x00000000        0x0 C:/NXP/S32DS_ARM_v2018.R1/S32DS/arm32_ewl2/lib/thumb/v7e-m/fpv4-sp/hard/__arm_start.o
 .bss           0x00000000        0x0 C:/NXP/S32DS_ARM_v2018.R1/S32DS/arm32_ewl2/lib/thumb/v7e-m/fpv4-sp/hard/__arm_start.o
 .text.__thumb_startup
                0x00000000       0x40 C:/NXP/S32DS_ARM_v2018.R1/S32DS/arm32_ewl2/lib/thumb/v7e-m/fpv4-sp/hard/__arm_start.o
 .text.__iar_program_start
                0x00000000        0x4 C:/NXP/S32DS_ARM_v2018.R1/S32DS/arm32_ewl2/lib/thumb/v7e-m/fpv4-sp/hard/__arm_start.o
 .bss.argv      0x00000000        0x4 C:/NXP/S32DS_ARM_v2018.R1/S32DS/arm32_ewl2/lib/thumb/v7e-m/fpv4-sp/hard/__arm_start.o
 .debug_info    0x00000000      0x126 C:/NXP/S32DS_ARM_v2018.R1/S32DS/arm32_ewl2/lib/thumb/v7e-m/fpv4-sp/hard/__arm_start.o
 .debug_abbrev  0x00000000       0xbe C:/NXP/S32DS_ARM_v2018.R1/S32DS/arm32_ewl2/lib/thumb/v7e-m/fpv4-sp/hard/__arm_start.o
 .debug_aranges
                0x00000000       0x28 C:/NXP/S32DS_ARM_v2018.R1/S32DS/arm32_ewl2/lib/thumb/v7e-m/fpv4-sp/hard/__arm_start.o
 .debug_line    0x00000000       0x68 C:/NXP/S32DS_ARM_v2018.R1/S32DS/arm32_ewl2/lib/thumb/v7e-m/fpv4-sp/hard/__arm_start.o
 .debug_str     0x00000000      0x269 C:/NXP/S32DS_ARM_v2018.R1/S32DS/arm32_ewl2/lib/thumb/v7e-m/fpv4-sp/hard/__arm_start.o
[...]
Memory Configuration

Name             Origin             Length             Attributes
m_interrupts     0x00000000         0x00000400         xr
m_flash_config   0x00000400         0x00000010         xr
m_text           0x00000410         0x0007fbf0         xr
m_data           0x1fff8000         0x00008000         rw
m_data_2         0x20000000         0x00007000         rw
*default*        0x00000000         0xffffffff

Linker script and memory map

LOAD C:/NXP/S32DS_ARM_v2018.R1/S32DS/arm32_ewl2/lib/thumb/v7e-m/fpv4-sp/hard/__arm_start.o
LOAD ./Sources/usercode.o
LOAD ./Sources/task.o
LOAD ./Sources/main.o
LOAD ./SDK/rtos/osif/osif_baremetal.o
LOAD ./SDK/platform/pal/src/pwm/pwm_pal.o
LOAD ./SDK/platform/pal/src/can/can_pal.o
LOAD ./SDK/platform/pal/src/adc/adc_pal.o
LOAD ./SDK/platform/pal/src/adc/adc_irq.o
LOAD ./SDK/platform/drivers/src/trgmux/trgmux_hw_access.o
LOAD ./SDK/platform/drivers/src/trgmux/trgmux_driver.o
LOAD ./SDK/platform/drivers/src/pins/pins_port_hw_access.o
LOAD ./SDK/platform/drivers/src/pins/pins_driver.o
LOAD ./SDK/platform/drivers/src/pdb/pdb_hw_access.o
LOAD ./SDK/platform/drivers/src/pdb/pdb_driver.o
LOAD ./SDK/platform/drivers/src/lptmr/lptmr_hw_access.o
LOAD ./SDK/platform/drivers/src/lptmr/lptmr_driver.o
LOAD ./SDK/platform/drivers/src/interrupt/interrupt_manager.o
LOAD ./SDK/platform/drivers/src/ftm/ftm_pwm_driver.o
LOAD ./SDK/platform/drivers/src/ftm/ftm_hw_access.o
LOAD ./SDK/platform/drivers/src/ftm/ftm_common.o
LOAD ./SDK/platform/drivers/src/flexcan/flexcan_irq.o
LOAD ./SDK/platform/drivers/src/flexcan/flexcan_hw_access.o
LOAD ./SDK/platform/drivers/src/flexcan/flexcan_driver.o
LOAD ./SDK/platform/drivers/src/edma/edma_irq.o
LOAD ./SDK/platform/drivers/src/edma/edma_hw_access.o
LOAD ./SDK/platform/drivers/src/edma/edma_driver.o
LOAD ./SDK/platform/drivers/src/clock/S32K1xx/clock_S32K1xx.o
LOAD ./SDK/platform/drivers/src/adc/adc_driver.o
LOAD ./SDK/platform/devices/startup.o
LOAD ./SDK/platform/devices/S32K144/startup/system_S32K144.o
LOAD ./Project_Settings/Startup_Code/startup_S32K144.o
LOAD ./Generated_Code/pwm_pal1.o
LOAD ./Generated_Code/pin_mux.o
LOAD ./Generated_Code/lpTmr1.o
LOAD ./Generated_Code/dmaController1.o
LOAD ./Generated_Code/clockMan1.o
LOAD ./Generated_Code/can_pal1.o
LOAD ./Generated_Code/adc_pal1.o
LOAD ./Generated_Code/Cpu.o
START GROUP
LOAD C:/NXP/S32DS_ARM_v2018.R1/S32DS/arm32_ewl2/lib/thumb/v7e-m/fpv4-sp/hard\libc99.a
LOAD C:/NXP/S32DS_ARM_v2018.R1/S32DS/arm32_ewl2/lib/thumb/v7e-m/fpv4-sp/hard\libm.a
LOAD c:/nxp/s32ds_arm_v2018.r1/cross_tools/gcc-6.3-arm32-eabi/bin/../lib/gcc/arm-none-eabi/6.3.1/thumb/v7e-m/fpv4-sp/hard\libgcc.a
LOAD C:/NXP/S32DS_ARM_v2018.R1/S32DS/arm32_ewl2/lib/thumb/v7e-m/fpv4-sp/hard\librt.a
LOAD C:/NXP/S32DS_ARM_v2018.R1/S32DS/arm32_ewl2/lib/thumb/v7e-m/fpv4-sp/hard\libnoio.a
END GROUP
LOAD C:/NXP/S32DS_ARM_v2018.R1/S32DS/arm32_ewl2/lib/thumb/v7e-m/fpv4-sp/hard/__arm_end.o
                0x00000400                HEAP_SIZE = DEFINED (__heap_size__)?__heap_size__:0x400
                0x00000400                STACK_SIZE = DEFINED (__stack_size__)?__stack_size__:0x400
                0x00000400                M_VECTOR_RAM_SIZE = DEFINED (__flash_vector_table__)?0x0:0x400

.interrupts     0x00000000      0x400
                0x00000000                __VECTOR_TABLE = .
                0x00000000                __interrupts_start__ = .
                0x00000000                . = ALIGN (0x4)
 *(.isr_vector)
 .isr_vector    0x00000000      0x400 ./Project_Settings/Startup_Code/startup_S32K144.o
                0x00000000                __isr_vector
                0x00000400                __interrupts_end__ = .
                0x00000400                . = ALIGN (0x4)

.flash_config   0x00000400       0x10
                0x00000400                . = ALIGN (0x4)
 *(.FlashConfig)
 .FlashConfig   0x00000400       0x10 ./Project_Settings/Startup_Code/startup_S32K144.o
                0x00000410                . = ALIGN (0x4)

.text           0x00000410     0xb334
                0x00000410                . = ALIGN (0x4)
 *(.text)
 .text          0x00000410       0x6c ./Project_Settings/Startup_Code/startup_S32K144.o
                0x00000410                Reset_Handler
                0x00000478                DebugMon_Handler
                0x00000478                Reserved88_IRQHandler
                0x00000478                HardFault_Handler
                0x00000478                Reserved86_IRQHandler
                0x00000478                Reserved103_IRQHandler
                0x00000478                FTM2_Ovf_Reload_IRQHandler
                0x00000478                Reserved50_IRQHandler
                0x00000478                FTFC_Fault_IRQHandler
                0x00000478                FTM0_Ch6_Ch7_IRQHandler
                0x00000478                Reserved114_IRQHandler
                0x00000478                PendSV_Handler
                0x00000478                NMI_Handler
                0x00000478                Reserved89_IRQHandler
                0x00000478                ERM_double_fault_IRQHandler
                0x00000478                Reserved59_IRQHandler
                0x00000478                LPIT0_Ch0_IRQHandler
                0x00000478                Reserved99_IRQHandler
                0x00000478                FTM3_Ch6_Ch7_IRQHandler
                0x00000478                LPIT0_Ch3_IRQHandler
                0x00000478                Reserved92_IRQHandler
                0x00000478                FTM0_Ch4_Ch5_IRQHandler
                0x00000478                FTM3_Ch0_Ch1_IRQHandler
                0x00000478                SWI_IRQHandler
                0x00000478                FTM2_Ch4_Ch5_IRQHandler
                0x00000478                UsageFault_Handler
                0x00000478                FTM0_Ovf_Reload_IRQHandler
                0x00000478                DefaultISR
                0x00000478                Reserved58_IRQHandler
                0x00000478                FTM1_Ch2_Ch3_IRQHandler
                0x00000478                Reserved82_IRQHandler
                0x00000478                LPI2C0_Slave_IRQHandler
                0x00000478                Reserved71_IRQHandler
                0x00000478                PORTD_IRQHandler
                0x00000478                Reserved69_IRQHandler
                0x00000478                PORTB_IRQHandler
                0x00000478                Reserved70_IRQHandler
                0x00000478                FTM2_Ch2_Ch3_IRQHandler
                0x00000478                Reserved53_IRQHandler
                0x00000478                RTC_IRQHandler
                0x00000478                PDB0_IRQHandler
                0x00000478                Reserved54_IRQHandler
                0x00000478                FTM2_Ch6_Ch7_IRQHandler
                0x00000478                FTM3_Ch2_Ch3_IRQHandler
                0x00000478                FTM2_Ch0_Ch1_IRQHandler
                0x00000478                LPSPI1_IRQHandler
                0x00000478                LPUART1_RxTx_IRQHandler
                0x00000478                RTC_Seconds_IRQHandler
                0x00000478                Reserved72_IRQHandler
                0x00000478                Reserved110_IRQHandler
                0x00000478                Reserved107_IRQHandler
                0x00000478                Read_Collision_IRQHandler
                0x00000478                FTFC_IRQHandler
                0x00000478                FTM1_Ch6_Ch7_IRQHandler
                0x00000478                Reserved105_IRQHandler
                0x00000478                LPIT0_Ch1_IRQHandler
                0x00000478                FTM1_Ch4_Ch5_IRQHandler
                0x00000478                FTM3_Ovf_Reload_IRQHandler
                0x00000478                LPUART2_RxTx_IRQHandler
                0x00000478                LPSPI0_IRQHandler
                0x00000478                WDOG_EWM_IRQHandler
                0x00000478                MemManage_Handler
                0x00000478                Reserved90_IRQHandler
                0x00000478                Reserved83_IRQHandler
                0x00000478                FTM0_Fault_IRQHandler
                0x00000478                Reserved48_IRQHandler
                0x00000478                SVC_Handler
                0x00000478                ERM_single_fault_IRQHandler
                0x00000478                FTM2_Fault_IRQHandler
                0x00000478                FTM0_Ch2_Ch3_IRQHandler
                0x00000478                FTM0_Ch0_Ch1_IRQHandler
                0x00000478                FTM3_Fault_IRQHandler
                0x00000478                RCM_IRQHandler
                0x00000478                Reserved100_IRQHandler
                0x00000478                Reserved91_IRQHandler
                0x00000478                SCG_IRQHandler
                0x00000478                PDB1_IRQHandler
                0x00000478                Reserved81_IRQHandler
                0x00000478                Reserved46_IRQHandler
                0x00000478                Reserved45_IRQHandler
                0x00000478                Reserved112_IRQHandler
                0x00000478                LPI2C0_Master_IRQHandler
                0x00000478                FTM1_Fault_IRQHandler
                0x00000478                Reserved106_IRQHandler
                0x00000478                LVD_LVW_IRQHandler
                0x00000478                LPIT0_Ch2_IRQHandler
                0x00000478                PORTA_IRQHandler
                0x00000478                MCM_IRQHandler
                0x00000478                LPSPI2_IRQHandler
                0x00000478                FTM3_Ch4_Ch5_IRQHandler
                0x00000478                PORTE_IRQHandler
                0x00000478                LPUART0_RxTx_IRQHandler
                0x00000478                LPTMR0_IRQHandler
                0x00000478                BusFault_Handler
                0x00000478                Reserved87_IRQHandler
                0x00000478                FTM1_Ovf_Reload_IRQHandler
                0x00000478                Reserved93_IRQHandler
                0x00000478                CMP0_IRQHandler
                0x00000478                Reserved52_IRQHandler
                0x00000478                PORTC_IRQHandler
                0x00000478                FTM1_Ch0_Ch1_IRQHandler
                0x00000478                FLEXIO_IRQHandler
                0x00000478                Reserved113_IRQHandler
 .text          0x0000047c       0x30 c:/nxp/s32ds_arm_v2018.r1/cross_tools/gcc-6.3-arm32-eabi/bin/../lib/gcc/arm-none-eabi/6.3.1/thumb/v7e-m/fpv4-sp/hard\libgcc.a(_aeabi_uldivmod.o)
                0x0000047c                __aeabi_uldivmod
 .text          0x000004ac      0x2e4 c:/nxp/s32ds_arm_v2018.r1/cross_tools/gcc-6.3-arm32-eabi/bin/../lib/gcc/arm-none-eabi/6.3.1/thumb/v7e-m/fpv4-sp/hard\libgcc.a(_udivmoddi4.o)
                0x000004ac                __udivmoddi4
 .text          0x00000790        0x4 c:/nxp/s32ds_arm_v2018.r1/cross_tools/gcc-6.3-arm32-eabi/bin/../lib/gcc/arm-none-eabi/6.3.1/thumb/v7e-m/fpv4-sp/hard\libgcc.a(_dvmd_tls.o)
                0x00000790                __aeabi_idiv0
                0x00000790                __aeabi_ldiv0
 *(.text*)
 .text.lptmrISR
                0x00000794       0x12 ./Sources/usercode.o
                0x00000794                lptmrISR
 *fill*         0x000007a6        0x2 
 .text.CAN_RCV_Process
                0x000007a8       0x88 ./Sources/usercode.o
                0x000007a8                CAN_RCV_Process
 .text.CAN_ISR  0x00000830       0x4c ./Sources/usercode.o
                0x00000830                CAN_ISR
 .text.adc1_callback00
                0x0000087c       0x60 ./Sources/usercode.o
                0x0000087c                adc1_callback00
 .text.adc1_callback01
                0x000008dc       0x60 ./Sources/usercode.o
                0x000008dc                adc1_callback01
 .text.adc1_callback02
                0x0000093c       0x60 ./Sources/usercode.o
                0x0000093c                adc1_callback02
 .text.adc1_callback03
                0x0000099c       0x64 ./Sources/usercode.o
                0x0000099c                adc1_callback03
 .text.taskCANBus
                0x00000a00       0xa4 ./Sources/usercode.o
                0x00000a00                taskCANBus
 .text.taskADC  0x00000aa4       0x28 ./Sources/usercode.o
                0x00000aa4                taskADC
 .text.setTask  0x00000acc       0x28 ./Sources/usercode.o
                0x00000acc                setTask
 .text.getTaskCritical
                0x00000af4       0x18 ./Sources/task.o
                0x00000af4                getTaskCritical
 .text.taskInit
                0x00000b0c       0x7c ./Sources/task.o
                0x00000b0c                taskInit
 .text.addTask  0x00000b88       0xd0 ./Sources/task.o
                0x00000b88                addTask
 .text.taskSchedule
                0x00000c58       0xb8 ./Sources/task.o
                0x00000c58                taskSchedule
 .text.tick1msTaskRoutines
                0x00000d10       0x98 ./Sources/task.o
                0x00000d10                tick1msTaskRoutines
 .text.main     0x00000da8       0xf4 ./Sources/main.o
                0x00000da8                main
 .text.osif_Tick
                0x00000e9c       0x1c ./SDK/rtos/osif/osif_baremetal.o
 .text.SysTick_Handler
                0x00000eb8        0xc ./SDK/rtos/osif/osif_baremetal.o
                0x00000eb8                SysTick_Handler
 .text.osif_DisableIrqGlobal
                0x00000ec4        0xc ./SDK/rtos/osif/osif_baremetal.o
 .text.osif_EnableIrqGlobal
                0x00000ed0        0xc ./SDK/rtos/osif/osif_baremetal.o
 .text.OSIF_SemaPost
                0x00000edc       0x3c ./SDK/rtos/osif/osif_baremetal.o
                0x00000edc                OSIF_SemaPost
 .text.OSIF_SemaCreate
                0x00000f18       0x24 ./SDK/rtos/osif/osif_baremetal.o
                0x00000f18                OSIF_SemaCreate
 .text.OSIF_SemaDestroy
                0x00000f3c       0x16 ./SDK/rtos/osif/osif_baremetal.o
                0x00000f3c                OSIF_SemaDestroy
 .text.PwmAllocateState
                0x00000f52       0x5c ./SDK/platform/pal/src/pwm/pwm_pal.o
 *fill*         0x00000fae        0x2 
 .text.PWM_Init
                0x00000fb0      0x504 ./SDK/platform/pal/src/pwm/pwm_pal.o
                0x00000fb0                PWM_Init
 .text.CAN_AllocateState
                0x000014b4       0x60 ./SDK/platform/pal/src/can/can_pal.o
 .text.CAN_FindFlexCANState
                0x00001514       0x48 ./SDK/platform/pal/src/can/can_pal.o
 .text.CAN_GetVirtualBuffIdx
                0x0000155c       0x1e ./SDK/platform/pal/src/can/can_pal.o
 *fill*         0x0000157a        0x2 
 .text.CAN_InternalCallback
                0x0000157c       0xa8 ./SDK/platform/pal/src/can/can_pal.o
 .text.CAN_Init
                0x00001624      0x16c ./SDK/platform/pal/src/can/can_pal.o
                0x00001624                CAN_Init
 .text.CAN_ConfigTxBuff
                0x00001790       0xa4 ./SDK/platform/pal/src/can/can_pal.o
                0x00001790                CAN_ConfigTxBuff
 .text.CAN_ConfigRxBuff
                0x00001834       0xb4 ./SDK/platform/pal/src/can/can_pal.o
                0x00001834                CAN_ConfigRxBuff
 .text.CAN_Send
                0x000018e8       0xe0 ./SDK/platform/pal/src/can/can_pal.o
                0x000018e8                CAN_Send
 .text.CAN_Receive
                0x000019c8       0x94 ./SDK/platform/pal/src/can/can_pal.o
                0x000019c8                CAN_Receive
 .text.CAN_InstallEventCallback
                0x00001a5c       0x70 ./SDK/platform/pal/src/can/can_pal.o
                0x00001a5c                CAN_InstallEventCallback
 .text.ADC_Init
                0x00001acc       0xe0 ./SDK/platform/pal/src/adc/adc_pal.o
                0x00001acc                ADC_Init
 .text.ADC_StartGroupConversion
                0x00001bac       0x80 ./SDK/platform/pal/src/adc/adc_pal.o
                0x00001bac                ADC_StartGroupConversion
 .text.ADC_Init_S32K1xx
                0x00001c2c       0x8c ./SDK/platform/pal/src/adc/adc_pal.o
 .text.ADC_S32K1xx_IrqHandler
                0x00001cb8       0xdc ./SDK/platform/pal/src/adc/adc_pal.o
                0x00001cb8                ADC_S32K1xx_IrqHandler
 .text.ADC_ConfigPdbAndPretriggers
                0x00001d94      0x194 ./SDK/platform/pal/src/adc/adc_pal.o
 .text.ADC_ConfigGroup
                0x00001f28       0xa8 ./SDK/platform/pal/src/adc/adc_pal.o
 .text.ADC_GetHwGroupStatePtr
                0x00001fd0       0x2c ./SDK/platform/pal/src/adc/adc_pal.o
 .text.ADC_AnyHwTrigGroupActive
                0x00001ffc       0x2c ./SDK/platform/pal/src/adc/adc_pal.o
 .text.ADC_PalStateUpdateStart
                0x00002028       0x8c ./SDK/platform/pal/src/adc/adc_pal.o
 .text.ADC_CallNotificationCb
                0x000020b4       0x5a ./SDK/platform/pal/src/adc/adc_pal.o
 .text.ADC0_IRQHandler
                0x0000210e        0xe ./SDK/platform/pal/src/adc/adc_irq.o
                0x0000210e                ADC0_IRQHandler
 .text.ADC1_IRQHandler
                0x0000211c        0xe ./SDK/platform/pal/src/adc/adc_irq.o
                0x0000211c                ADC1_IRQHandler
 .text.TRGMUX_SetTrigSourceForTargetModule
                0x0000212a       0x68 ./SDK/platform/drivers/src/trgmux/trgmux_hw_access.o
                0x0000212a                TRGMUX_SetTrigSourceForTargetModule
 .text.TRGMUX_GetLockForTargetModule
                0x00002192       0x3c ./SDK/platform/drivers/src/trgmux/trgmux_hw_access.o
                0x00002192                TRGMUX_GetLockForTargetModule
 *fill*         0x000021ce        0x2 
 .text.TRGMUX_DRV_SetTrigSourceForTargetModule
                0x000021d0       0x4c ./SDK/platform/drivers/src/trgmux/trgmux_driver.o
                0x000021d0                TRGMUX_DRV_SetTrigSourceForTargetModule
 .text.PINS_GPIO_WritePin
                0x0000221c       0x44 ./SDK/platform/drivers/src/pins/pins_port_hw_access.o
 .text.PINS_GetAdcInterleaveVal
                0x00002260       0xe4 ./SDK/platform/drivers/src/pins/pins_port_hw_access.o
 .text.PINS_Init
                0x00002344      0x1ec ./SDK/platform/drivers/src/pins/pins_port_hw_access.o
                0x00002344                PINS_Init
 .text.PINS_GPIO_GetPinsOutput
                0x00002530       0x20 ./SDK/platform/drivers/src/pins/pins_driver.o
 .text.PINS_GPIO_SetPins
                0x00002550       0x1c ./SDK/platform/drivers/src/pins/pins_driver.o
 .text.PINS_GPIO_ClearPins
                0x0000256c       0x1c ./SDK/platform/drivers/src/pins/pins_driver.o
 .text.PINS_DRV_Init
                0x00002588       0x3e ./SDK/platform/drivers/src/pins/pins_driver.o
                0x00002588                PINS_DRV_Init
 .text.PINS_DRV_GetPinsOutput
                0x000025c6       0x18 ./SDK/platform/drivers/src/pins/pins_driver.o
                0x000025c6                PINS_DRV_GetPinsOutput
 .text.PINS_DRV_SetPins
                0x000025de       0x1a ./SDK/platform/drivers/src/pins/pins_driver.o
                0x000025de                PINS_DRV_SetPins
 .text.PINS_DRV_ClearPins
                0x000025f8       0x1a ./SDK/platform/drivers/src/pins/pins_driver.o
                0x000025f8                PINS_DRV_ClearPins
 .text.PDB_Enable
                0x00002612       0x20 ./SDK/platform/drivers/src/pdb/pdb_hw_access.o
 .text.PDB_Disable
                0x00002632       0x20 ./SDK/platform/drivers/src/pdb/pdb_hw_access.o
 .text.PDB_SetLoadValuesCmd
                0x00002652       0x20 ./SDK/platform/drivers/src/pdb/pdb_hw_access.o
 .text.PDB_SetAdcPreTriggerDelayValue
                0x00002672       0x34 ./SDK/platform/drivers/src/pdb/pdb_hw_access.o
 .text.PDB_Init
                0x000026a6       0xb8 ./SDK/platform/drivers/src/pdb/pdb_hw_access.o
                0x000026a6                PDB_Init
 *fill*         0x0000275e        0x2 
 .text.PDB_ConfigTimer
                0x00002760       0xb0 ./SDK/platform/drivers/src/pdb/pdb_hw_access.o
                0x00002760                PDB_ConfigTimer
 .text.PDB_SetAdcPreTriggerBackToBackEnable
                0x00002810       0x68 ./SDK/platform/drivers/src/pdb/pdb_hw_access.o
                0x00002810                PDB_SetAdcPreTriggerBackToBackEnable
 .text.PDB_SetAdcPreTriggerOutputEnable
                0x00002878       0x64 ./SDK/platform/drivers/src/pdb/pdb_hw_access.o
                0x00002878                PDB_SetAdcPreTriggerOutputEnable
 .text.PDB_SetAdcPreTriggerEnable
                0x000028dc       0x60 ./SDK/platform/drivers/src/pdb/pdb_hw_access.o
                0x000028dc                PDB_SetAdcPreTriggerEnable
 .text.PDB_SetSoftTriggerCmd
                0x0000293c       0x20 ./SDK/platform/drivers/src/pdb/pdb_driver.o
 .text.PDB_Enable
                0x0000295c       0x20 ./SDK/platform/drivers/src/pdb/pdb_driver.o
 .text.PDB_SetLoadValuesCmd
                0x0000297c       0x20 ./SDK/platform/drivers/src/pdb/pdb_driver.o
 .text.PDB_SetAdcPreTriggerDelayValue
                0x0000299c       0x34 ./SDK/platform/drivers/src/pdb/pdb_driver.o
 .text.PDB_SIM_EnableBackToBack
                0x000029d0       0x20 ./SDK/platform/drivers/src/pdb/pdb_driver.o
 .text.PDB_SIM_DisableBackToBack
                0x000029f0       0x20 ./SDK/platform/drivers/src/pdb/pdb_driver.o
 .text.PDB_DRV_Init
                0x00002a10       0x94 ./SDK/platform/drivers/src/pdb/pdb_driver.o
                0x00002a10                PDB_DRV_Init
 .text.PDB_DRV_Enable
                0x00002aa4       0x24 ./SDK/platform/drivers/src/pdb/pdb_driver.o
                0x00002aa4                PDB_DRV_Enable
 .text.PDB_DRV_SoftTriggerCmd
                0x00002ac8       0x24 ./SDK/platform/drivers/src/pdb/pdb_driver.o
                0x00002ac8                PDB_DRV_SoftTriggerCmd
 .text.PDB_DRV_LoadValuesCmd
                0x00002aec       0x24 ./SDK/platform/drivers/src/pdb/pdb_driver.o
                0x00002aec                PDB_DRV_LoadValuesCmd
 .text.PDB_DRV_ConfigAdcPreTrigger
                0x00002b10       0x60 ./SDK/platform/drivers/src/pdb/pdb_driver.o
                0x00002b10                PDB_DRV_ConfigAdcPreTrigger
 .text.PDB_DRV_SetAdcPreTriggerDelayValue
                0x00002b70       0x30 ./SDK/platform/drivers/src/pdb/pdb_driver.o
                0x00002b70                PDB_DRV_SetAdcPreTriggerDelayValue
 .text.LPTMR_Init
                0x00002ba0       0x3a ./SDK/platform/drivers/src/lptmr/lptmr_hw_access.o
                0x00002ba0                LPTMR_Init
 .text.LPTMR_SetDmaRequest
                0x00002bda       0x40 ./SDK/platform/drivers/src/lptmr/lptmr_driver.o
 .text.LPTMR_ClearCompareFlag
                0x00002c1a       0x2c ./SDK/platform/drivers/src/lptmr/lptmr_driver.o
 .text.LPTMR_SetInterrupt
                0x00002c46       0x3e ./SDK/platform/drivers/src/lptmr/lptmr_driver.o
 .text.LPTMR_SetPinSelect
                0x00002c84       0x3a ./SDK/platform/drivers/src/lptmr/lptmr_driver.o
 .text.LPTMR_SetPinPolarity
                0x00002cbe       0x3a ./SDK/platform/drivers/src/lptmr/lptmr_driver.o
 .text.LPTMR_SetFreeRunning
                0x00002cf8       0x3e ./SDK/platform/drivers/src/lptmr/lptmr_driver.o
 .text.LPTMR_SetWorkMode
                0x00002d36       0x3a ./SDK/platform/drivers/src/lptmr/lptmr_driver.o
 .text.LPTMR_Enable
                0x00002d70       0x30 ./SDK/platform/drivers/src/lptmr/lptmr_driver.o
 .text.LPTMR_SetPrescaler
                0x00002da0       0x3a ./SDK/platform/drivers/src/lptmr/lptmr_driver.o
 .text.LPTMR_SetBypass
                0x00002dda       0x3e ./SDK/platform/drivers/src/lptmr/lptmr_driver.o
 .text.LPTMR_SetClockSelect
                0x00002e18       0x38 ./SDK/platform/drivers/src/lptmr/lptmr_driver.o
 .text.LPTMR_SetCompareValue
                0x00002e50       0x34 ./SDK/platform/drivers/src/lptmr/lptmr_driver.o
 .text.lptmr_us2nn
                0x00002e84       0x70 ./SDK/platform/drivers/src/lptmr/lptmr_driver.o
 .text.lptmr_compute_nticks
                0x00002ef4       0x6c ./SDK/platform/drivers/src/lptmr/lptmr_driver.o
 .text.nticks2compare_ticks
                0x00002f60       0x56 ./SDK/platform/drivers/src/lptmr/lptmr_driver.o
 *fill*         0x00002fb6        0x2 
 .text.lptmr_GetClkFreq
                0x00002fb8       0x84 ./SDK/platform/drivers/src/lptmr/lptmr_driver.o
 .text.lptmr_ChooseClkConfig
                0x0000303c       0xaa ./SDK/platform/drivers/src/lptmr/lptmr_driver.o
 *fill*         0x000030e6        0x2 
 .text.LPTMR_DRV_Init
                0x000030e8       0x34 ./SDK/platform/drivers/src/lptmr/lptmr_driver.o
                0x000030e8                LPTMR_DRV_Init
 .text.LPTMR_DRV_SetConfig
                0x0000311c       0xf8 ./SDK/platform/drivers/src/lptmr/lptmr_driver.o
                0x0000311c                LPTMR_DRV_SetConfig
 .text.LPTMR_DRV_ClearCompareFlag
                0x00003214       0x20 ./SDK/platform/drivers/src/lptmr/lptmr_driver.o
                0x00003214                LPTMR_DRV_ClearCompareFlag
 .text.LPTMR_DRV_StartCounter
                0x00003234       0x20 ./SDK/platform/drivers/src/lptmr/lptmr_driver.o
                0x00003234                LPTMR_DRV_StartCounter
 .text.INT_SYS_InstallHandler
                0x00003254       0x4c ./SDK/platform/drivers/src/interrupt/interrupt_manager.o
                0x00003254                INT_SYS_InstallHandler
 .text.INT_SYS_EnableIRQ
                0x000032a0       0x34 ./SDK/platform/drivers/src/interrupt/interrupt_manager.o
                0x000032a0                INT_SYS_EnableIRQ
 .text.INT_SYS_DisableIRQ
                0x000032d4       0x34 ./SDK/platform/drivers/src/interrupt/interrupt_manager.o
                0x000032d4                INT_SYS_DisableIRQ
 .text.INT_SYS_EnableIRQGlobal
                0x00003308       0x30 ./SDK/platform/drivers/src/interrupt/interrupt_manager.o
                0x00003308                INT_SYS_EnableIRQGlobal
 .text.INT_SYS_DisableIRQGlobal
                0x00003338       0x20 ./SDK/platform/drivers/src/interrupt/interrupt_manager.o
                0x00003338                INT_SYS_DisableIRQGlobal
 .text.FTM_DRV_GetMod
                0x00003358       0x1a ./SDK/platform/drivers/src/ftm/ftm_pwm_driver.o
 .text.FTM_DRV_SetClockSource
                0x00003372       0x2e ./SDK/platform/drivers/src/ftm/ftm_pwm_driver.o
 .text.FTM_DRV_EnablePwmChannelOutputs
                0x000033a0       0x2a ./SDK/platform/drivers/src/ftm/ftm_pwm_driver.o
 .text.FTM_DRV_ClearTimerOverflow
                0x000033ca       0x24 ./SDK/platform/drivers/src/ftm/ftm_pwm_driver.o
 .text.FTM_DRV_SetCpwms
                0x000033ee       0x2e ./SDK/platform/drivers/src/ftm/ftm_pwm_driver.o
 .text.FTM_DRV_GetCpwms
                0x0000341c       0x26 ./SDK/platform/drivers/src/ftm/ftm_pwm_driver.o
 .text.FTM_DRV_GetClockSource
                0x00003442       0x22 ./SDK/platform/drivers/src/ftm/ftm_pwm_driver.o
 .text.FTM_DRV_SetMod
                0x00003464       0x28 ./SDK/platform/drivers/src/ftm/ftm_pwm_driver.o
 .text.FTM_DRV_SetCounterInitVal
                0x0000348c       0x28 ./SDK/platform/drivers/src/ftm/ftm_pwm_driver.o
 .text.FTM_DRV_SetChnMSnBAMode
                0x000034b4       0x6a ./SDK/platform/drivers/src/ftm/ftm_pwm_driver.o
 .text.FTM_DRV_SetChnEdgeLevel
                0x0000351e       0x6a ./SDK/platform/drivers/src/ftm/ftm_pwm_driver.o
 .text.FTM_DRV_SetChnCountVal
                0x00003588       0x2a ./SDK/platform/drivers/src/ftm/ftm_pwm_driver.o
 .text.FTM_DRV_SetChnOutputPolarityCmd
                0x000035b2       0x50 ./SDK/platform/drivers/src/ftm/ftm_pwm_driver.o
 .text.FTM_DRV_SetChnFaultInputPolarityCmd
                0x00003602       0x52 ./SDK/platform/drivers/src/ftm/ftm_pwm_driver.o
 .text.FTM_DRV_SetFaultInt
                0x00003654       0x2c ./SDK/platform/drivers/src/ftm/ftm_pwm_driver.o
 .text.FTM_DRV_SetFaultControlMode
                0x00003680       0x2c ./SDK/platform/drivers/src/ftm/ftm_pwm_driver.o
 .text.FTM_DRV_SetInitChnOutputCmd
                0x000036ac       0x2e ./SDK/platform/drivers/src/ftm/ftm_pwm_driver.o
 .text.FTM_DRV_SetWriteProtectionCmd
                0x000036da       0x38 ./SDK/platform/drivers/src/ftm/ftm_pwm_driver.o
 .text.FTM_DRV_Enable
                0x00003712       0x28 ./SDK/platform/drivers/src/ftm/ftm_pwm_driver.o
 .text.FTM_DRV_SetPwmSyncMode
                0x0000373a       0x2e ./SDK/platform/drivers/src/ftm/ftm_pwm_driver.o
 .text.FTM_DRV_SetSoftwareTriggerCmd
                0x00003768       0x2c ./SDK/platform/drivers/src/ftm/ftm_pwm_driver.o
 .text.FTM_DRV_SetDualChnMofCombineCmd
                0x00003794       0x4e ./SDK/platform/drivers/src/ftm/ftm_pwm_driver.o
 .text.FTM_DRV_SetDualChnFaultCmd
                0x000037e2       0x4e ./SDK/platform/drivers/src/ftm/ftm_pwm_driver.o
 .text.FTM_DRV_SetDualChnPwmSyncCmd
                0x00003830       0x4e ./SDK/platform/drivers/src/ftm/ftm_pwm_driver.o
 .text.FTM_DRV_SetDualChnDeadtimeCmd
                0x0000387e       0x4e ./SDK/platform/drivers/src/ftm/ftm_pwm_driver.o
 .text.FTM_DRV_SetDualEdgeCaptureCmd
                0x000038cc       0x4e ./SDK/platform/drivers/src/ftm/ftm_pwm_driver.o
 .text.FTM_DRV_SetDualChnCompCmd
                0x0000391a       0x4e ./SDK/platform/drivers/src/ftm/ftm_pwm_driver.o
 .text.FTM_DRV_SetDualChnCombineCmd
                0x00003968       0x4e ./SDK/platform/drivers/src/ftm/ftm_pwm_driver.o
 .text.FTM_DRV_GetDualChnCombineCmd
                0x000039b6       0x32 ./SDK/platform/drivers/src/ftm/ftm_pwm_driver.o
 .text.FTM_DRV_GetDualChnMofCombineCmd
                0x000039e8       0x32 ./SDK/platform/drivers/src/ftm/ftm_pwm_driver.o
 .text.FTM_DRV_SetDeadtimePrescale
                0x00003a1a       0x2c ./SDK/platform/drivers/src/ftm/ftm_pwm_driver.o
 .text.FTM_DRV_SetDeadtimeCount
                0x00003a46       0x2c ./SDK/platform/drivers/src/ftm/ftm_pwm_driver.o
 .text.FTM_DRV_SetFaultInputFilterVal
                0x00003a72       0x2c ./SDK/platform/drivers/src/ftm/ftm_pwm_driver.o
 .text.FTM_DRV_SetFaultInputFilterCmd
                0x00003a9e       0x4e ./SDK/platform/drivers/src/ftm/ftm_pwm_driver.o
 .text.FTM_DRV_SetFaultInputCmd
                0x00003aec       0x4a ./SDK/platform/drivers/src/ftm/ftm_pwm_driver.o
 .text.FTM_DRV_SetPwmFaultBehavior
                0x00003b36       0x38 ./SDK/platform/drivers/src/ftm/ftm_pwm_driver.o
 *fill*         0x00003b6e        0x2 
 .text.FTM_DRV_InitPwmIndependentChannel
                0x00003b70      0x234 ./SDK/platform/drivers/src/ftm/ftm_pwm_driver.o
 .text.FTM_DRV_InitPwmCombinedChannel
                0x00003da4      0x224 ./SDK/platform/drivers/src/ftm/ftm_pwm_driver.o
 .text.FTM_DRV_InitPwmDutyCycleChannel
                0x00003fc8       0xc6 ./SDK/platform/drivers/src/ftm/ftm_pwm_driver.o
 *fill*         0x0000408e        0x2 
 .text.FTM_DRV_InitPwm
                0x00004090      0x208 ./SDK/platform/drivers/src/ftm/ftm_pwm_driver.o
                0x00004090                FTM_DRV_InitPwm
 .text.FTM_DRV_UpdatePwmChannel
                0x00004298      0x18c ./SDK/platform/drivers/src/ftm/ftm_pwm_driver.o
                0x00004298                FTM_DRV_UpdatePwmChannel
 .text.FTM_DRV_SetClockPs
                0x00004424       0x2c ./SDK/platform/drivers/src/ftm/ftm_hw_access.o
 .text.FTM_DRV_Enable
                0x00004450       0x28 ./SDK/platform/drivers/src/ftm/ftm_hw_access.o
 .text.FTM_DRV_InitModule
                0x00004478       0x26 ./SDK/platform/drivers/src/ftm/ftm_hw_access.o
                0x00004478                FTM_DRV_InitModule
 .text.FTM_DRV_Reset
                0x0000449e       0xfe ./SDK/platform/drivers/src/ftm/ftm_hw_access.o
                0x0000449e                FTM_DRV_Reset
 .text.FTM_DRV_SetChnTriggerCmd
                0x0000459c       0x76 ./SDK/platform/drivers/src/ftm/ftm_hw_access.o
                0x0000459c                FTM_DRV_SetChnTriggerCmd
 .text.FTM_DRV_GetClockPs
                0x00004612       0x20 ./SDK/platform/drivers/src/ftm/ftm_common.o
 .text.FTM_DRV_SetTimerOverflowInt
                0x00004632       0x2e ./SDK/platform/drivers/src/ftm/ftm_common.o
 .text.FTM_DRV_SetHardwareSyncTriggerSrc
                0x00004660       0x4a ./SDK/platform/drivers/src/ftm/ftm_common.o
 .text.FTM_DRV_SetOutmaskPwmSyncModeCmd
                0x000046aa       0x2e ./SDK/platform/drivers/src/ftm/ftm_common.o
 .text.FTM_DRV_SetMaxLoadingCmd
                0x000046d8       0x2e ./SDK/platform/drivers/src/ftm/ftm_common.o
 .text.FTM_DRV_SetMinLoadingCmd
                0x00004706       0x28 ./SDK/platform/drivers/src/ftm/ftm_common.o
 .text.FTM_DRV_SetInitTriggerCmd
                0x0000472e       0x2e ./SDK/platform/drivers/src/ftm/ftm_common.o
 .text.FTM_DRV_SetBdmMode
                0x0000475c       0x30 ./SDK/platform/drivers/src/ftm/ftm_common.o
 .text.FTM_DRV_SetSwoctrlHardwareSyncModeCmd
                0x0000478c       0x32 ./SDK/platform/drivers/src/ftm/ftm_common.o
 .text.FTM_DRV_SetInvctrlHardwareSyncModeCmd
                0x000047be       0x32 ./SDK/platform/drivers/src/ftm/ftm_common.o
 .text.FTM_DRV_SetOutmaskHardwareSyncModeCmd
                0x000047f0       0x32 ./SDK/platform/drivers/src/ftm/ftm_common.o
 .text.FTM_DRV_SetModCntinCvHardwareSyncModeCmd
                0x00004822       0x32 ./SDK/platform/drivers/src/ftm/ftm_common.o
 .text.FTM_DRV_SetCounterHardwareSyncModeCmd
                0x00004854       0x32 ./SDK/platform/drivers/src/ftm/ftm_common.o
 .text.FTM_DRV_SetSwoctrlSoftwareSyncModeCmd
                0x00004886       0x32 ./SDK/platform/drivers/src/ftm/ftm_common.o
 .text.FTM_DRV_SetInvctrlSoftwareSyncModeCmd
                0x000048b8       0x32 ./SDK/platform/drivers/src/ftm/ftm_common.o
 .text.FTM_DRV_SetOutmaskSoftwareSyncModeCmd
                0x000048ea       0x32 ./SDK/platform/drivers/src/ftm/ftm_common.o
 .text.FTM_DRV_SetModCntinCvSoftwareSyncModeCmd
                0x0000491c       0x32 ./SDK/platform/drivers/src/ftm/ftm_common.o
 .text.FTM_DRV_SetHwTriggerSyncModeCmd
                0x0000494e       0x2c ./SDK/platform/drivers/src/ftm/ftm_common.o
 .text.FTM_DRV_SetCounterSoftwareSyncModeCmd
                0x0000497a       0x32 ./SDK/platform/drivers/src/ftm/ftm_common.o
 .text.FTM_DRV_SetPwmSyncModeCmd
                0x000049ac       0x30 ./SDK/platform/drivers/src/ftm/ftm_common.o
 .text.FTM_DRV_SetSwoctrlPwmSyncModeCmd
                0x000049dc       0x32 ./SDK/platform/drivers/src/ftm/ftm_common.o
 .text.FTM_DRV_SetInvctrlPwmSyncModeCmd
                0x00004a0e       0x32 ./SDK/platform/drivers/src/ftm/ftm_common.o
 .text.FTM_DRV_SetCntinPwmSyncModeCmd
                0x00004a40       0x32 ./SDK/platform/drivers/src/ftm/ftm_common.o
 *fill*         0x00004a72        0x2 
 .text.FTM_DRV_Init
                0x00004a74      0x144 ./SDK/platform/drivers/src/ftm/ftm_common.o
                0x00004a74                FTM_DRV_Init
 .text.FTM_DRV_SetSync
                0x00004bb8      0x17c ./SDK/platform/drivers/src/ftm/ftm_common.o
                0x00004bb8                FTM_DRV_SetSync
 .text.FTM_DRV_GetFrequency
                0x00004d34       0xd4 ./SDK/platform/drivers/src/ftm/ftm_common.o
                0x00004d34                FTM_DRV_GetFrequency
 .text.FTM_DRV_ConvertFreqToPeriodTicks
                0x00004e08       0x34 ./SDK/platform/drivers/src/ftm/ftm_common.o
                0x00004e08                FTM_DRV_ConvertFreqToPeriodTicks
 .text.CAN0_ORed_IRQHandler
                0x00004e3c        0xe ./SDK/platform/drivers/src/flexcan/flexcan_irq.o
                0x00004e3c                CAN0_ORed_IRQHandler
 .text.CAN0_Error_IRQHandler
                0x00004e4a        0xe ./SDK/platform/drivers/src/flexcan/flexcan_irq.o
                0x00004e4a                CAN0_Error_IRQHandler
 .text.CAN0_Wake_Up_IRQHandler
                0x00004e58        0xe ./SDK/platform/drivers/src/flexcan/flexcan_irq.o
                0x00004e58                CAN0_Wake_Up_IRQHandler
 .text.CAN0_ORed_0_15_MB_IRQHandler
                0x00004e66        0xe ./SDK/platform/drivers/src/flexcan/flexcan_irq.o
                0x00004e66                CAN0_ORed_0_15_MB_IRQHandler
 .text.CAN0_ORed_16_31_MB_IRQHandler
                0x00004e74        0xe ./SDK/platform/drivers/src/flexcan/flexcan_irq.o
                0x00004e74                CAN0_ORed_16_31_MB_IRQHandler
 .text.CAN1_ORed_IRQHandler
                0x00004e82        0xe ./SDK/platform/drivers/src/flexcan/flexcan_irq.o
                0x00004e82                CAN1_ORed_IRQHandler
 .text.CAN1_Error_IRQHandler
                0x00004e90        0xe ./SDK/platform/drivers/src/flexcan/flexcan_irq.o
                0x00004e90                CAN1_Error_IRQHandler
 .text.CAN1_ORed_0_15_MB_IRQHandler
                0x00004e9e        0xe ./SDK/platform/drivers/src/flexcan/flexcan_irq.o
                0x00004e9e                CAN1_ORed_0_15_MB_IRQHandler
 .text.CAN2_ORed_IRQHandler
                0x00004eac        0xe ./SDK/platform/drivers/src/flexcan/flexcan_irq.o
                0x00004eac                CAN2_ORed_IRQHandler
 .text.CAN2_Error_IRQHandler
                0x00004eba        0xe ./SDK/platform/drivers/src/flexcan/flexcan_irq.o
                0x00004eba                CAN2_Error_IRQHandler
 .text.CAN2_ORed_0_15_MB_IRQHandler
                0x00004ec8        0xe ./SDK/platform/drivers/src/flexcan/flexcan_irq.o
                0x00004ec8                CAN2_ORed_0_15_MB_IRQHandler
 .text.RxFifoOcuppiedLastMsgBuff
                0x00004ed6       0x1e ./SDK/platform/drivers/src/flexcan/flexcan_hw_access.o
 .text.FLEXCAN_IsFDEnabled
                0x00004ef4       0x26 ./SDK/platform/drivers/src/flexcan/flexcan_hw_access.o
 .text.FLEXCAN_IsRxFifoEnabled
                0x00004f1a       0x26 ./SDK/platform/drivers/src/flexcan/flexcan_hw_access.o
 .text.FLEXCAN_SetSelfReception
                0x00004f40       0x34 ./SDK/platform/drivers/src/flexcan/flexcan_hw_access.o
 .text.FLEXCAN_ComputeDLCValue
                0x00004f74       0x30 ./SDK/platform/drivers/src/flexcan/flexcan_hw_access.o
 .text.FLEXCAN_ComputePayloadSize
                0x00004fa4       0x80 ./SDK/platform/drivers/src/flexcan/flexcan_hw_access.o
 .text.FLEXCAN_GetMaxMbNum
                0x00005024       0x4c ./SDK/platform/drivers/src/flexcan/flexcan_hw_access.o
                0x00005024                FLEXCAN_GetMaxMbNum
 .text.FLEXCAN_ClearRAM
                0x00005070       0x72 ./SDK/platform/drivers/src/flexcan/flexcan_hw_access.o
 .text.FLEXCAN_GetMsgBuffRegion
                0x000050e2       0x6c ./SDK/platform/drivers/src/flexcan/flexcan_hw_access.o
                0x000050e2                FLEXCAN_GetMsgBuffRegion
 .text.FLEXCAN_Enable
                0x0000514e       0x54 ./SDK/platform/drivers/src/flexcan/flexcan_hw_access.o
                0x0000514e                FLEXCAN_Enable
 .text.FLEXCAN_Disable
                0x000051a2       0x36 ./SDK/platform/drivers/src/flexcan/flexcan_hw_access.o
                0x000051a2                FLEXCAN_Disable
 .text.FLEXCAN_Init
                0x000051d8       0x6c ./SDK/platform/drivers/src/flexcan/flexcan_hw_access.o
                0x000051d8                FLEXCAN_Init
 .text.FLEXCAN_SetTxMsgBuff
                0x00005244      0x24c ./SDK/platform/drivers/src/flexcan/flexcan_hw_access.o
                0x00005244                FLEXCAN_SetTxMsgBuff
 .text.FLEXCAN_SetRxMsgBuff
                0x00005490      0x124 ./SDK/platform/drivers/src/flexcan/flexcan_hw_access.o
                0x00005490                FLEXCAN_SetRxMsgBuff
 .text.FLEXCAN_GetMsgBuff
                0x000055b4      0x13a ./SDK/platform/drivers/src/flexcan/flexcan_hw_access.o
                0x000055b4                FLEXCAN_GetMsgBuff
 .text.FLEXCAN_LockRxMsgBuff
                0x000056ee       0x20 ./SDK/platform/drivers/src/flexcan/flexcan_hw_access.o
                0x000056ee                FLEXCAN_LockRxMsgBuff
 .text.FLEXCAN_EnableRxFifo
                0x0000570e       0x86 ./SDK/platform/drivers/src/flexcan/flexcan_hw_access.o
                0x0000570e                FLEXCAN_EnableRxFifo
 .text.FLEXCAN_SetMaxMsgBuffNum
                0x00005794       0xf0 ./SDK/platform/drivers/src/flexcan/flexcan_hw_access.o
                0x00005794                FLEXCAN_SetMaxMsgBuffNum
 .text.FLEXCAN_SetRxFifoFilter
                0x00005884      0x40c ./SDK/platform/drivers/src/flexcan/flexcan_hw_access.o
                0x00005884                FLEXCAN_SetRxFifoFilter
 .text.FLEXCAN_SetMsgBuffIntCmd
                0x00005c90       0x70 ./SDK/platform/drivers/src/flexcan/flexcan_hw_access.o
                0x00005c90                FLEXCAN_SetMsgBuffIntCmd
 .text.FLEXCAN_ExitFreezeMode
                0x00005d00       0x3a ./SDK/platform/drivers/src/flexcan/flexcan_hw_access.o
                0x00005d00                FLEXCAN_ExitFreezeMode
 .text.FLEXCAN_EnterFreezeMode
                0x00005d3a       0x7e ./SDK/platform/drivers/src/flexcan/flexcan_hw_access.o
                0x00005d3a                FLEXCAN_EnterFreezeMode
 .text.FLEXCAN_ClearErrIntStatusFlag
                0x00005db8       0x30 ./SDK/platform/drivers/src/flexcan/flexcan_hw_access.o
                0x00005db8                FLEXCAN_ClearErrIntStatusFlag
 .text.FLEXCAN_ReadRxFifo
                0x00005de8       0xa6 ./SDK/platform/drivers/src/flexcan/flexcan_hw_access.o
                0x00005de8                FLEXCAN_ReadRxFifo
 *fill*         0x00005e8e        0x2 
 .text.FLEXCAN_SetOperationMode
                0x00005e90       0xa4 ./SDK/platform/drivers/src/flexcan/flexcan_hw_access.o
                0x00005e90                FLEXCAN_SetOperationMode
 .text.FLEXCAN_SetPayloadSize
                0x00005f34       0x42 ./SDK/platform/drivers/src/flexcan/flexcan_hw_access.o
                0x00005f34                FLEXCAN_SetPayloadSize
 .text.FLEXCAN_GetPayloadSize
                0x00005f76       0x42 ./SDK/platform/drivers/src/flexcan/flexcan_hw_access.o
                0x00005f76                FLEXCAN_GetPayloadSize
 .text.RxFifoOcuppiedLastMsgBuff
                0x00005fb8       0x1e ./SDK/platform/drivers/src/flexcan/flexcan_driver.o
 .text.FLEXCAN_IsEnabled
                0x00005fd6       0x1e ./SDK/platform/drivers/src/flexcan/flexcan_driver.o
 .text.FLEXCAN_SelectClock
                0x00005ff4       0x2e ./SDK/platform/drivers/src/flexcan/flexcan_driver.o
 .text.FLEXCAN_SetTimeSegments
                0x00006022       0x62 ./SDK/platform/drivers/src/flexcan/flexcan_driver.o
 .text.FLEXCAN_SetExtendedTimeSegments
                0x00006084       0x68 ./SDK/platform/drivers/src/flexcan/flexcan_driver.o
 .text.FLEXCAN_SetFDTimeSegments
                0x000060ec       0x74 ./SDK/platform/drivers/src/flexcan/flexcan_driver.o
 .text.FLEXCAN_SetFDEnabled
                0x00006160       0x50 ./SDK/platform/drivers/src/flexcan/flexcan_driver.o
 .text.FLEXCAN_IsFDEnabled
                0x000061b0       0x26 ./SDK/platform/drivers/src/flexcan/flexcan_driver.o
 .text.FLEXCAN_UnlockRxMsgBuff
                0x000061d6       0x18 ./SDK/platform/drivers/src/flexcan/flexcan_driver.o
 .text.FLEXCAN_IsRxFifoEnabled
                0x000061ee       0x26 ./SDK/platform/drivers/src/flexcan/flexcan_driver.o
 .text.FLEXCAN_GetMsgBuffIntStatusFlag
                0x00006214       0x42 ./SDK/platform/drivers/src/flexcan/flexcan_driver.o
 .text.FLEXCAN_ClearFIFO
                0x00006256       0x1a ./SDK/platform/drivers/src/flexcan/flexcan_driver.o
 .text.FLEXCAN_ClearMsgBuffIntStatusFlag
                0x00006270       0x30 ./SDK/platform/drivers/src/flexcan/flexcan_driver.o
 .text.FLEXCAN_GetErrorCounters
                0x000062a0       0x18 ./SDK/platform/drivers/src/flexcan/flexcan_driver.o
 .text.FLEXCAN_SetStuffBitCount
                0x000062b8       0x34 ./SDK/platform/drivers/src/flexcan/flexcan_driver.o
 .text.FLEXCAN_SetSelfReception
                0x000062ec       0x34 ./SDK/platform/drivers/src/flexcan/flexcan_driver.o
 .text.FLEXCAN_SetRxFifoDMA
                0x00006320       0x34 ./SDK/platform/drivers/src/flexcan/flexcan_driver.o
 .text.FLEXCAN_IsPNEnabled
                0x00006354       0x26 ./SDK/platform/drivers/src/flexcan/flexcan_driver.o
 .text.FLEXCAN_GetWTOF
                0x0000637a       0x24 ./SDK/platform/drivers/src/flexcan/flexcan_driver.o
 .text.FLEXCAN_ClearWTOF
                0x0000639e       0x24 ./SDK/platform/drivers/src/flexcan/flexcan_driver.o
 .text.FLEXCAN_GetWUMF
                0x000063c2       0x24 ./SDK/platform/drivers/src/flexcan/flexcan_driver.o
 .text.FLEXCAN_ClearWUMF
                0x000063e6       0x24 ./SDK/platform/drivers/src/flexcan/flexcan_driver.o
 *fill*         0x0000640a        0x2 
 .text.FLEXCAN_EnableIRQs
                0x0000640c       0x98 ./SDK/platform/drivers/src/flexcan/flexcan_driver.o
 .text.FLEXCAN_DRV_Init
                0x000064a4      0x260 ./SDK/platform/drivers/src/flexcan/flexcan_driver.o
                0x000064a4                FLEXCAN_DRV_Init
 .text.FLEXCAN_DRV_ConfigTxMb
                0x00006704       0x64 ./SDK/platform/drivers/src/flexcan/flexcan_driver.o
                0x00006704                FLEXCAN_DRV_ConfigTxMb
 .text.FLEXCAN_DRV_Send
                0x00006768       0x58 ./SDK/platform/drivers/src/flexcan/flexcan_driver.o
                0x00006768                FLEXCAN_DRV_Send
 .text.FLEXCAN_DRV_ConfigRxMb
                0x000067c0       0x8c ./SDK/platform/drivers/src/flexcan/flexcan_driver.o
                0x000067c0                FLEXCAN_DRV_ConfigRxMb
 .text.FLEXCAN_DRV_ConfigRxFifo
                0x0000684c       0x40 ./SDK/platform/drivers/src/flexcan/flexcan_driver.o
                0x0000684c                FLEXCAN_DRV_ConfigRxFifo
 .text.FLEXCAN_DRV_Receive
                0x0000688c       0x2a ./SDK/platform/drivers/src/flexcan/flexcan_driver.o
                0x0000688c                FLEXCAN_DRV_Receive
 .text.FLEXCAN_DRV_RxFifo
                0x000068b6       0x26 ./SDK/platform/drivers/src/flexcan/flexcan_driver.o
                0x000068b6                FLEXCAN_DRV_RxFifo
 .text.FLEXCAN_IRQHandlerRxFIFO
                0x000068dc       0xcc ./SDK/platform/drivers/src/flexcan/flexcan_driver.o
 .text.FLEXCAN_IRQHandlerRxMB
                0x000069a8       0x8c ./SDK/platform/drivers/src/flexcan/flexcan_driver.o
 .text.FLEXCAN_IRQHandler
                0x00006a34      0x174 ./SDK/platform/drivers/src/flexcan/flexcan_driver.o
                0x00006a34                FLEXCAN_IRQHandler
 .text.FLEXCAN_Error_IRQHandler
                0x00006ba8       0x4c ./SDK/platform/drivers/src/flexcan/flexcan_driver.o
                0x00006ba8                FLEXCAN_Error_IRQHandler
 .text.FLEXCAN_WakeUpHandler
                0x00006bf4       0x94 ./SDK/platform/drivers/src/flexcan/flexcan_driver.o
                0x00006bf4                FLEXCAN_WakeUpHandler
 .text.FLEXCAN_StartSendData
                0x00006c88       0xf4 ./SDK/platform/drivers/src/flexcan/flexcan_driver.o
 .text.FLEXCAN_StartRxMessageBufferData
                0x00006d7c       0xdc ./SDK/platform/drivers/src/flexcan/flexcan_driver.o
 .text.FLEXCAN_StartRxMessageFifoData
                0x00006e58      0x170 ./SDK/platform/drivers/src/flexcan/flexcan_driver.o
 .text.FLEXCAN_CompleteTransfer
                0x00006fc8       0x64 ./SDK/platform/drivers/src/flexcan/flexcan_driver.o
 .text.FLEXCAN_CompleteRxFifoDataDMA
                0x0000702c       0x58 ./SDK/platform/drivers/src/flexcan/flexcan_driver.o
 .text.FLEXCAN_CompleteRxMessageFifoData
                0x00007084      0x104 ./SDK/platform/drivers/src/flexcan/flexcan_driver.o
 .text.FLEXCAN_DRV_InstallEventCallback
                0x00007188       0x38 ./SDK/platform/drivers/src/flexcan/flexcan_driver.o
                0x00007188                FLEXCAN_DRV_InstallEventCallback
 .text.EDMA_GetErrorIntStatusFlag
                0x000071c0       0x18 ./SDK/platform/drivers/src/edma/edma_irq.o
 .text.DMA0_IRQHandler
                0x000071d8        0xe ./SDK/platform/drivers/src/edma/edma_irq.o
                0x000071d8                DMA0_IRQHandler
 .text.DMA1_IRQHandler
                0x000071e6        0xe ./SDK/platform/drivers/src/edma/edma_irq.o
                0x000071e6                DMA1_IRQHandler
 .text.DMA2_IRQHandler
                0x000071f4        0xe ./SDK/platform/drivers/src/edma/edma_irq.o
                0x000071f4                DMA2_IRQHandler
 .text.DMA3_IRQHandler
                0x00007202        0xe ./SDK/platform/drivers/src/edma/edma_irq.o
                0x00007202                DMA3_IRQHandler
 .text.DMA4_IRQHandler
                0x00007210        0xe ./SDK/platform/drivers/src/edma/edma_irq.o
                0x00007210                DMA4_IRQHandler
 .text.DMA5_IRQHandler
                0x0000721e        0xe ./SDK/platform/drivers/src/edma/edma_irq.o
                0x0000721e                DMA5_IRQHandler
 .text.DMA6_IRQHandler
                0x0000722c        0xe ./SDK/platform/drivers/src/edma/edma_irq.o
                0x0000722c                DMA6_IRQHandler
 .text.DMA7_IRQHandler
                0x0000723a        0xe ./SDK/platform/drivers/src/edma/edma_irq.o
                0x0000723a                DMA7_IRQHandler
 .text.DMA8_IRQHandler
                0x00007248        0xe ./SDK/platform/drivers/src/edma/edma_irq.o
                0x00007248                DMA8_IRQHandler
 .text.DMA9_IRQHandler
                0x00007256        0xe ./SDK/platform/drivers/src/edma/edma_irq.o
                0x00007256                DMA9_IRQHandler
 .text.DMA10_IRQHandler
                0x00007264        0xe ./SDK/platform/drivers/src/edma/edma_irq.o
                0x00007264                DMA10_IRQHandler
 .text.DMA11_IRQHandler
                0x00007272        0xe ./SDK/platform/drivers/src/edma/edma_irq.o
                0x00007272                DMA11_IRQHandler
 .text.DMA12_IRQHandler
                0x00007280        0xe ./SDK/platform/drivers/src/edma/edma_irq.o
                0x00007280                DMA12_IRQHandler
 .text.DMA13_IRQHandler
                0x0000728e        0xe ./SDK/platform/drivers/src/edma/edma_irq.o
                0x0000728e                DMA13_IRQHandler
 .text.DMA14_IRQHandler
                0x0000729c        0xe ./SDK/platform/drivers/src/edma/edma_irq.o
                0x0000729c                DMA14_IRQHandler
 .text.DMA15_IRQHandler
                0x000072aa        0xe ./SDK/platform/drivers/src/edma/edma_irq.o
                0x000072aa                DMA15_IRQHandler
 .text.DMA_Error_IRQHandler
                0x000072b8       0x4c ./SDK/platform/drivers/src/edma/edma_irq.o
                0x000072b8                DMA_Error_IRQHandler
 .text.EDMA_SetDmaRequestCmd
                0x00007304       0x30 ./SDK/platform/drivers/src/edma/edma_hw_access.o
                0x00007304                EDMA_SetDmaRequestCmd
 .text.EDMA_TCDClearReg
                0x00007334       0xd6 ./SDK/platform/drivers/src/edma/edma_hw_access.o
                0x00007334                EDMA_TCDClearReg
 .text.EDMA_TCDSetAttribute
                0x0000740a       0x70 ./SDK/platform/drivers/src/edma/edma_hw_access.o
                0x0000740a                EDMA_TCDSetAttribute
 .text.EDMA_TCDSetNbytes
                0x0000747a       0xcc ./SDK/platform/drivers/src/edma/edma_hw_access.o
                0x0000747a                EDMA_TCDSetNbytes
 .text.EDMA_TCDSetMajorCount
                0x00007546      0x14c ./SDK/platform/drivers/src/edma/edma_hw_access.o
                0x00007546                EDMA_TCDSetMajorCount
 .text.EDMA_SetMinorLoopMappingCmd
                0x00007692       0x3e ./SDK/platform/drivers/src/edma/edma_driver.o
 .text.EDMA_ClearErrorIntStatusFlag
                0x000076d0       0x1e ./SDK/platform/drivers/src/edma/edma_driver.o
 .text.EDMA_ClearDoneStatusFlag
                0x000076ee       0x1e ./SDK/platform/drivers/src/edma/edma_driver.o
 .text.EDMA_ClearIntStatusFlag
                0x0000770c       0x1e ./SDK/platform/drivers/src/edma/edma_driver.o
 .text.EDMA_TCDSetSrcAddr
                0x0000772a       0x28 ./SDK/platform/drivers/src/edma/edma_driver.o
 .text.EDMA_TCDSetSrcOffset
                0x00007752       0x2e ./SDK/platform/drivers/src/edma/edma_driver.o
 .text.EDMA_TCDSetDestAddr
                0x00007780       0x2c ./SDK/platform/drivers/src/edma/edma_driver.o
 .text.EDMA_TCDSetDestOffset
                0x000077ac       0x30 ./SDK/platform/drivers/src/edma/edma_driver.o
 .text.EDMA_TCDSetDisableDmaRequestAfterTCDDoneCmd
                0x000077dc       0x5e ./SDK/platform/drivers/src/edma/edma_driver.o
 .text.EDMA_TCDSetMajorCompleteIntCmd
                0x0000783a       0x5e ./SDK/platform/drivers/src/edma/edma_driver.o
 .text.EDMA_DRV_InstallCallback
                0x00007898       0x3c ./SDK/platform/drivers/src/edma/edma_driver.o
                0x00007898                EDMA_DRV_InstallCallback
 .text.EDMA_DRV_ClearIntStatus
                0x000078d4       0x3c ./SDK/platform/drivers/src/edma/edma_driver.o
 .text.EDMA_DRV_IRQHandler
                0x00007910       0x4c ./SDK/platform/drivers/src/edma/edma_driver.o
                0x00007910                EDMA_DRV_IRQHandler
 .text.EDMA_DRV_ErrorIRQHandler
                0x0000795c       0x7c ./SDK/platform/drivers/src/edma/edma_driver.o
                0x0000795c                EDMA_DRV_ErrorIRQHandler
 .text.EDMA_DRV_ConfigSingleBlockTransfer
                0x000079d8      0x170 ./SDK/platform/drivers/src/edma/edma_driver.o
                0x000079d8                EDMA_DRV_ConfigSingleBlockTransfer
 .text.EDMA_DRV_StartChannel
                0x00007b48       0x38 ./SDK/platform/drivers/src/edma/edma_driver.o
                0x00007b48                EDMA_DRV_StartChannel
 .text.EDMA_DRV_StopChannel
                0x00007b80       0x38 ./SDK/platform/drivers/src/edma/edma_driver.o
                0x00007b80                EDMA_DRV_StopChannel
 .text.EDMA_DRV_DisableRequestsOnTransferComplete
                0x00007bb8       0x3c ./SDK/platform/drivers/src/edma/edma_driver.o
                0x00007bb8                EDMA_DRV_DisableRequestsOnTransferComplete
 .text.EDMA_DRV_GetDmaRegBaseAddr
                0x00007bf4       0x1c ./SDK/platform/drivers/src/edma/edma_driver.o
                0x00007bf4                EDMA_DRV_GetDmaRegBaseAddr
 .text.SIM_GetRtcClkSrc
                0x00007c10       0x1e ./SDK/platform/drivers/src/clock/S32K1xx/clock_S32K1xx.o
 .text.SIM_SetLpoClocks
                0x00007c2e       0x72 ./SDK/platform/drivers/src/clock/S32K1xx/clock_S32K1xx.o
 .text.SIM_SetEimClockGate
                0x00007ca0       0x3e ./SDK/platform/drivers/src/clock/S32K1xx/clock_S32K1xx.o
 .text.SIM_GetEimClockGate
                0x00007cde       0x30 ./SDK/platform/drivers/src/clock/S32K1xx/clock_S32K1xx.o
 .text.SIM_SetErmClockGate
                0x00007d0e       0x3e ./SDK/platform/drivers/src/clock/S32K1xx/clock_S32K1xx.o
 .text.SIM_GetErmClockGate
                0x00007d4c       0x30 ./SDK/platform/drivers/src/clock/S32K1xx/clock_S32K1xx.o
 .text.SIM_SetDmaClockGate
                0x00007d7c       0x3e ./SDK/platform/drivers/src/clock/S32K1xx/clock_S32K1xx.o
 .text.SIM_GetDmaClockGate
                0x00007dba       0x30 ./SDK/platform/drivers/src/clock/S32K1xx/clock_S32K1xx.o
 .text.SIM_SetMpuClockGate
                0x00007dea       0x3e ./SDK/platform/drivers/src/clock/S32K1xx/clock_S32K1xx.o
 .text.SIM_GetMpuClockGate
                0x00007e28       0x30 ./SDK/platform/drivers/src/clock/S32K1xx/clock_S32K1xx.o
 .text.SIM_SetMscmClockGate
                0x00007e58       0x3e ./SDK/platform/drivers/src/clock/S32K1xx/clock_S32K1xx.o
 .text.SIM_GetMscmClockGate
                0x00007e96       0x2e ./SDK/platform/drivers/src/clock/S32K1xx/clock_S32K1xx.o
 .text.SIM_GetFtm0ExternalClkPinMode
                0x00007ec4       0x1e ./SDK/platform/drivers/src/clock/S32K1xx/clock_S32K1xx.o
 .text.SIM_GetFtm1ExternalClkPinMode
                0x00007ee2       0x1e ./SDK/platform/drivers/src/clock/S32K1xx/clock_S32K1xx.o
 .text.SIM_GetFtm2ExternalClkPinMode
                0x00007f00       0x1e ./SDK/platform/drivers/src/clock/S32K1xx/clock_S32K1xx.o
 .text.SIM_GetFtm3ExternalClkPinMode
                0x00007f1e       0x1e ./SDK/platform/drivers/src/clock/S32K1xx/clock_S32K1xx.o
 .text.SIM_GetLpo32KStatus
                0x00007f3c       0x26 ./SDK/platform/drivers/src/clock/S32K1xx/clock_S32K1xx.o
 .text.SIM_GetLpo1KStatus
                0x00007f62       0x26 ./SDK/platform/drivers/src/clock/S32K1xx/clock_S32K1xx.o
 .text.SIM_GetLpoClkSelectorValue
                0x00007f88       0x1e ./SDK/platform/drivers/src/clock/S32K1xx/clock_S32K1xx.o
 .text.SIM_GetClockoutStatus
                0x00007fa6       0x26 ./SDK/platform/drivers/src/clock/S32K1xx/clock_S32K1xx.o
 .text.SIM_GetClockoutDividerValue
                0x00007fcc       0x1e ./SDK/platform/drivers/src/clock/S32K1xx/clock_S32K1xx.o
 .text.SIM_GetClockoutSelectorValue
                0x00007fea       0x1e ./SDK/platform/drivers/src/clock/S32K1xx/clock_S32K1xx.o
 .text.SIM_SetClockout
                0x00008008       0x5e ./SDK/platform/drivers/src/clock/S32K1xx/clock_S32K1xx.o
 .text.SIM_SetTraceClockSource
                0x00008066       0x38 ./SDK/platform/drivers/src/clock/S32K1xx/clock_S32K1xx.o
 .text.SIM_ClearTraceClockConfig
                0x0000809e       0x1e ./SDK/platform/drivers/src/clock/S32K1xx/clock_S32K1xx.o
 .text.SIM_SetTraceClockConfig
                0x000080bc       0x40 ./SDK/platform/drivers/src/clock/S32K1xx/clock_S32K1xx.o
 .text.SCG_GetClockoutSourceSel
                0x000080fc       0x1e ./SDK/platform/drivers/src/clock/S32K1xx/clock_S32K1xx.o
 .text.SCG_GetCurrentSystemClockSource
                0x0000811a       0x1e ./SDK/platform/drivers/src/clock/S32K1xx/clock_S32K1xx.o
 .text.SCG_GetCurrentCoreClockDividerRatio
                0x00008138       0x1e ./SDK/platform/drivers/src/clock/S32K1xx/clock_S32K1xx.o
 .text.SCG_GetCurrentBusClockDividerRatio
                0x00008156       0x1e ./SDK/platform/drivers/src/clock/S32K1xx/clock_S32K1xx.o
 .text.SCG_GetCurrentSlowClockDividerRatio
                0x00008174       0x1c ./SDK/platform/drivers/src/clock/S32K1xx/clock_S32K1xx.o
 .text.SCG_SetRunClockControl
                0x00008190       0x44 ./SDK/platform/drivers/src/clock/S32K1xx/clock_S32K1xx.o
 .text.SCG_SetVlprClockControl
                0x000081d4       0x44 ./SDK/platform/drivers/src/clock/S32K1xx/clock_S32K1xx.o
 .text.SCG_SetHsrunClockControl
                0x00008218       0x44 ./SDK/platform/drivers/src/clock/S32K1xx/clock_S32K1xx.o
 .text.SCG_GetFircFirstAsyncDivider
                0x0000825c       0x1e ./SDK/platform/drivers/src/clock/S32K1xx/clock_S32K1xx.o
 .text.SCG_GetFircSecondAsyncDivider
                0x0000827a       0x20 ./SDK/platform/drivers/src/clock/S32K1xx/clock_S32K1xx.o
 .text.SCG_SetFircAsyncConfig
                0x0000829a       0x32 ./SDK/platform/drivers/src/clock/S32K1xx/clock_S32K1xx.o
 .text.SCG_GetSircFirstAsyncDivider
                0x000082cc       0x1e ./SDK/platform/drivers/src/clock/S32K1xx/clock_S32K1xx.o
 .text.SCG_GetSircSecondAsyncDivider
                0x000082ea       0x20 ./SDK/platform/drivers/src/clock/S32K1xx/clock_S32K1xx.o
 .text.SCG_SetSircAsyncConfig
                0x0000830a       0x32 ./SDK/platform/drivers/src/clock/S32K1xx/clock_S32K1xx.o
 .text.SCG_GetSoscFirstAsyncDivider
                0x0000833c       0x1e ./SDK/platform/drivers/src/clock/S32K1xx/clock_S32K1xx.o
 .text.SCG_GetSoscSecondAsyncDivider
                0x0000835a       0x20 ./SDK/platform/drivers/src/clock/S32K1xx/clock_S32K1xx.o
 .text.SCG_SetSoscAsyncConfig
                0x0000837a       0x32 ./SDK/platform/drivers/src/clock/S32K1xx/clock_S32K1xx.o
 .text.SCG_GetSpllFirstAsyncDivider
                0x000083ac       0x1e ./SDK/platform/drivers/src/clock/S32K1xx/clock_S32K1xx.o
 .text.SCG_GetSpllSecondAsyncDivider
                0x000083ca       0x20 ./SDK/platform/drivers/src/clock/S32K1xx/clock_S32K1xx.o
 .text.SCG_SetSpllAsyncConfig
                0x000083ea       0x32 ./SDK/platform/drivers/src/clock/S32K1xx/clock_S32K1xx.o
 .text.SCG_SetClockoutSourceSel
                0x0000841c       0x38 ./SDK/platform/drivers/src/clock/S32K1xx/clock_S32K1xx.o
 .text.SCG_GetSircSystemClockMode
                0x00008454       0x32 ./SDK/platform/drivers/src/clock/S32K1xx/clock_S32K1xx.o
 .text.SCG_GetSircStatus
                0x00008486       0x28 ./SDK/platform/drivers/src/clock/S32K1xx/clock_S32K1xx.o
 .text.SCG_GetSircRange
                0x000084ae       0x1e ./SDK/platform/drivers/src/clock/S32K1xx/clock_S32K1xx.o
 .text.SCG_ClearSircLock
                0x000084cc       0x24 ./SDK/platform/drivers/src/clock/S32K1xx/clock_S32K1xx.o
 .text.SCG_ClearSircControl
                0x000084f0       0x1c ./SDK/platform/drivers/src/clock/S32K1xx/clock_S32K1xx.o
 .text.SCG_SetSircConfiguration
                0x0000850c       0x24 ./SDK/platform/drivers/src/clock/S32K1xx/clock_S32K1xx.o
 .text.SCG_SetSircControl
                0x00008530       0x5a ./SDK/platform/drivers/src/clock/S32K1xx/clock_S32K1xx.o
 .text.SCG_GetFircSystemClockMode
                0x0000858a       0x32 ./SDK/platform/drivers/src/clock/S32K1xx/clock_S32K1xx.o
 .text.SCG_GetFircStatus
                0x000085bc       0x28 ./SDK/platform/drivers/src/clock/S32K1xx/clock_S32K1xx.o
 .text.SCG_GetFircRange
                0x000085e4       0x1e ./SDK/platform/drivers/src/clock/S32K1xx/clock_S32K1xx.o
 .text.SCG_ClearFircLock
                0x00008602       0x24 ./SDK/platform/drivers/src/clock/S32K1xx/clock_S32K1xx.o
 .text.SCG_ClearFircControl
                0x00008626       0x1e ./SDK/platform/drivers/src/clock/S32K1xx/clock_S32K1xx.o
 .text.SCG_SetFircConfiguration
                0x00008644       0x24 ./SDK/platform/drivers/src/clock/S32K1xx/clock_S32K1xx.o
 .text.SCG_SetFircControl
                0x00008668       0x42 ./SDK/platform/drivers/src/clock/S32K1xx/clock_S32K1xx.o
 .text.SCG_GetSoscSystemClockMode
                0x000086aa       0x32 ./SDK/platform/drivers/src/clock/S32K1xx/clock_S32K1xx.o
 .text.SCG_GetSoscStatus
                0x000086dc       0x28 ./SDK/platform/drivers/src/clock/S32K1xx/clock_S32K1xx.o
 .text.SCG_ClearSoscLock
                0x00008704       0x24 ./SDK/platform/drivers/src/clock/S32K1xx/clock_S32K1xx.o
 .text.SCG_ClearSoscControl
                0x00008728       0x1e ./SDK/platform/drivers/src/clock/S32K1xx/clock_S32K1xx.o
 .text.SCG_SetSoscConfiguration
                0x00008746       0x3c ./SDK/platform/drivers/src/clock/S32K1xx/clock_S32K1xx.o
 .text.SCG_SetSoscControl
                0x00008782       0x5e ./SDK/platform/drivers/src/clock/S32K1xx/clock_S32K1xx.o
 .text.SCG_GetSpllSystemClockMode
                0x000087e0       0x32 ./SDK/platform/drivers/src/clock/S32K1xx/clock_S32K1xx.o
 .text.SCG_GetSpllStatus
                0x00008812       0x28 ./SDK/platform/drivers/src/clock/S32K1xx/clock_S32K1xx.o
 .text.SCG_GetSpllPredivider
                0x0000883a       0x20 ./SDK/platform/drivers/src/clock/S32K1xx/clock_S32K1xx.o
 .text.SCG_GetSpllMultiplier
                0x0000885a       0x20 ./SDK/platform/drivers/src/clock/S32K1xx/clock_S32K1xx.o
 .text.SCG_ClearSpllLock
                0x0000887a       0x24 ./SDK/platform/drivers/src/clock/S32K1xx/clock_S32K1xx.o
 .text.SCG_ClearSpllControl
                0x0000889e       0x1e ./SDK/platform/drivers/src/clock/S32K1xx/clock_S32K1xx.o
 .text.SCG_SetSpllConfiguration
                0x000088bc       0x34 ./SDK/platform/drivers/src/clock/S32K1xx/clock_S32K1xx.o
 .text.SCG_SetSpllControl
                0x000088f0       0x5e ./SDK/platform/drivers/src/clock/S32K1xx/clock_S32K1xx.o
 *fill*         0x0000894e        0x2 
 .text.PCC_SetPeripheralClockControl
                0x00008950       0x60 ./SDK/platform/drivers/src/clock/S32K1xx/clock_S32K1xx.o
 .text.PCC_SetClockMode
                0x000089b0       0x70 ./SDK/platform/drivers/src/clock/S32K1xx/clock_S32K1xx.o
 .text.PCC_GetClockMode
                0x00008a20       0x44 ./SDK/platform/drivers/src/clock/S32K1xx/clock_S32K1xx.o
 .text.PCC_GetClockSourceSel
                0x00008a64       0x34 ./SDK/platform/drivers/src/clock/S32K1xx/clock_S32K1xx.o
 .text.PCC_GetFracValueSel
                0x00008a98       0x34 ./SDK/platform/drivers/src/clock/S32K1xx/clock_S32K1xx.o
 .text.PCC_GetDividerSel
                0x00008acc       0x30 ./SDK/platform/drivers/src/clock/S32K1xx/clock_S32K1xx.o
 .text.PMC_SetLpoMode
                0x00008afc       0x3e ./SDK/platform/drivers/src/clock/S32K1xx/clock_S32K1xx.o
 .text.PMC_GetLpoMode
                0x00008b3a       0x2c ./SDK/platform/drivers/src/clock/S32K1xx/clock_S32K1xx.o
 .text.PMC_SetLpoTrimValue
                0x00008b66       0x5e ./SDK/platform/drivers/src/clock/S32K1xx/clock_S32K1xx.o
 .text.SMC_GetCurrentRunningMode
                0x00008bc4       0x1a ./SDK/platform/drivers/src/clock/S32K1xx/clock_S32K1xx.o
 .text.CLOCK_DRV_Init
                0x00008bde       0x6e ./SDK/platform/drivers/src/clock/S32K1xx/clock_S32K1xx.o
                0x00008bde                CLOCK_DRV_Init
 .text.CLOCK_SYS_SetScgConfiguration
                0x00008c4c       0xb4 ./SDK/platform/drivers/src/clock/S32K1xx/clock_S32K1xx.o
 .text.CLOCK_SYS_SetPccConfiguration
                0x00008d00       0xb8 ./SDK/platform/drivers/src/clock/S32K1xx/clock_S32K1xx.o
 .text.CLOCK_SYS_SetSimConfiguration
                0x00008db8      0x124 ./SDK/platform/drivers/src/clock/S32K1xx/clock_S32K1xx.o
 .text.CLOCK_SYS_SetPmcConfiguration
                0x00008edc       0x38 ./SDK/platform/drivers/src/clock/S32K1xx/clock_S32K1xx.o
 .text.CLOCK_SYS_GetDefaultConfiguration
                0x00008f14      0x24c ./SDK/platform/drivers/src/clock/S32K1xx/clock_S32K1xx.o
 .text.CLOCK_SYS_GetScgClockFreq
                0x00009160      0x144 ./SDK/platform/drivers/src/clock/S32K1xx/clock_S32K1xx.o
 .text.CLOCK_SYS_GetSimClockFreq
                0x000092a4      0x22c ./SDK/platform/drivers/src/clock/S32K1xx/clock_S32K1xx.o
 .text.CLOCK_SYS_CheckPCCClock
                0x000094d0       0x68 ./SDK/platform/drivers/src/clock/S32K1xx/clock_S32K1xx.o
 .text.CLOCK_SYS_GetPccClockFreq
                0x00009538      0x104 ./SDK/platform/drivers/src/clock/S32K1xx/clock_S32K1xx.o
 .text.CLOCK_DRV_GetFreq
                0x0000963c       0x5c ./SDK/platform/drivers/src/clock/S32K1xx/clock_S32K1xx.o
                0x0000963c                CLOCK_DRV_GetFreq
 .text.CLOCK_SYS_GetPeripheralClock
                0x00009698       0xd8 ./SDK/platform/drivers/src/clock/S32K1xx/clock_S32K1xx.o
 .text.CLOCK_SYS_GetCurrentRunMode
                0x00009770       0x44 ./SDK/platform/drivers/src/clock/S32K1xx/clock_S32K1xx.o
 .text.CLOCK_SYS_TransitionSystemClock
                0x000097b4       0x60 ./SDK/platform/drivers/src/clock/S32K1xx/clock_S32K1xx.o
 .text.CLOCK_SYS_GetSimClkOutFreq
                0x00009814       0xf0 ./SDK/platform/drivers/src/clock/S32K1xx/clock_S32K1xx.o
 .text.CLOCK_SYS_GetScgClkOutFreq
                0x00009904       0x74 ./SDK/platform/drivers/src/clock/S32K1xx/clock_S32K1xx.o
 .text.CLOCK_SYS_GetSimRtcClkFreq
                0x00009978       0x78 ./SDK/platform/drivers/src/clock/S32K1xx/clock_S32K1xx.o
 .text.CLOCK_SYS_ConfigureSIRC
                0x000099f0       0xc8 ./SDK/platform/drivers/src/clock/S32K1xx/clock_S32K1xx.o
 .text.CLOCK_SYS_ConfigureFIRC
                0x00009ab8       0xc4 ./SDK/platform/drivers/src/clock/S32K1xx/clock_S32K1xx.o
 .text.CLOCK_SYS_ConfigureSOSC
                0x00009b7c      0x124 ./SDK/platform/drivers/src/clock/S32K1xx/clock_S32K1xx.o
 .text.CLOCK_SYS_ConfigureSPLL
                0x00009ca0      0x118 ./SDK/platform/drivers/src/clock/S32K1xx/clock_S32K1xx.o
 .text.CLOCK_SYS_ConfigureTemporarySystemClock
                0x00009db8       0x68 ./SDK/platform/drivers/src/clock/S32K1xx/clock_S32K1xx.o
 .text.CLOCK_SYS_ConfigureModulesFromScg
                0x00009e20      0x1c8 ./SDK/platform/drivers/src/clock/S32K1xx/clock_S32K1xx.o
 .text.CLOCK_SYS_GetSystemClockFreq
                0x00009fe8       0xc0 ./SDK/platform/drivers/src/clock/S32K1xx/clock_S32K1xx.o
 .text.CLOCK_SYS_GetSrcFreq
                0x0000a0a8       0x64 ./SDK/platform/drivers/src/clock/S32K1xx/clock_S32K1xx.o
 .text.CLOCK_SYS_SetSystemClockConfig
                0x0000a10c      0x234 ./SDK/platform/drivers/src/clock/S32K1xx/clock_S32K1xx.o
 .text.CLOCK_SYS_GetSysAsyncFreq
                0x0000a340      0x11c ./SDK/platform/drivers/src/clock/S32K1xx/clock_S32K1xx.o
 .text.CLOCK_SYS_GetSysOscFreq
                0x0000a45c       0x30 ./SDK/platform/drivers/src/clock/S32K1xx/clock_S32K1xx.o
 .text.CLOCK_SYS_GetSircFreq
                0x0000a48c       0x38 ./SDK/platform/drivers/src/clock/S32K1xx/clock_S32K1xx.o
 .text.CLOCK_SYS_GetFircFreq
                0x0000a4c4       0x3c ./SDK/platform/drivers/src/clock/S32K1xx/clock_S32K1xx.o
 .text.CLOCK_SYS_GetSysPllFreq
                0x0000a500       0x64 ./SDK/platform/drivers/src/clock/S32K1xx/clock_S32K1xx.o
 .text.CLOCK_SYS_GetLpoFreq
                0x0000a564       0x7c ./SDK/platform/drivers/src/clock/S32K1xx/clock_S32K1xx.o
 .text.CLOCK_SYS_Init
                0x0000a5e0       0x44 ./SDK/platform/drivers/src/clock/S32K1xx/clock_S32K1xx.o
                0x0000a5e0                CLOCK_SYS_Init
 .text.CLOCK_SYS_UpdateConfiguration
                0x0000a624      0x174 ./SDK/platform/drivers/src/clock/S32K1xx/clock_S32K1xx.o
                0x0000a624                CLOCK_SYS_UpdateConfiguration
 .text.CLOCK_SYS_GetFreq
                0x0000a798       0x20 ./SDK/platform/drivers/src/clock/S32K1xx/clock_S32K1xx.o
                0x0000a798                CLOCK_SYS_GetFreq
 .text.CLOCK_SYS_SetConfiguration
                0x0000a7b8       0x18 ./SDK/platform/drivers/src/clock/S32K1xx/clock_S32K1xx.o
                0x0000a7b8                CLOCK_SYS_SetConfiguration
 .text.ADC_GetClockDivide
                0x0000a7d0       0x28 ./SDK/platform/drivers/src/adc/adc_driver.o
 .text.ADC_SetClockDivide
                0x0000a7f8       0x3a ./SDK/platform/drivers/src/adc/adc_driver.o
 .text.ADC_GetSampleTime
                0x0000a832       0x24 ./SDK/platform/drivers/src/adc/adc_driver.o
 .text.ADC_SetSampleTime
                0x0000a856       0x42 ./SDK/platform/drivers/src/adc/adc_driver.o
 .text.ADC_SetResolution
                0x0000a898       0x3a ./SDK/platform/drivers/src/adc/adc_driver.o
 .text.ADC_SetInputClock
                0x0000a8d2       0x38 ./SDK/platform/drivers/src/adc/adc_driver.o
 .text.ADC_GetTriggerMode
                0x0000a90a       0x2a ./SDK/platform/drivers/src/adc/adc_driver.o
 .text.ADC_SetTriggerMode
                0x0000a934       0x3e ./SDK/platform/drivers/src/adc/adc_driver.o
 *fill*         0x0000a972        0x2 
 .text.ADC_SetPretriggerSelect
                0x0000a974       0x84 ./SDK/platform/drivers/src/adc/adc_driver.o
 .text.ADC_SetTriggerSelect
                0x0000a9f8       0x80 ./SDK/platform/drivers/src/adc/adc_driver.o
 .text.ADC_SetDMAEnableFlag
                0x0000aa78       0x42 ./SDK/platform/drivers/src/adc/adc_driver.o
 .text.ADC_SetVoltageReference
                0x0000aaba       0x3c ./SDK/platform/drivers/src/adc/adc_driver.o
 .text.ADC_SetContinuousConvFlag
                0x0000aaf6       0x42 ./SDK/platform/drivers/src/adc/adc_driver.o
 .text.ADC_SetSupplyMonitoringEnableFlag
                0x0000ab38       0x38 ./SDK/platform/drivers/src/adc/adc_driver.o
 .text.ADC_GetHwAverageEnableFlag
                0x0000ab70       0x32 ./SDK/platform/drivers/src/adc/adc_driver.o
 .text.ADC_SetHwAverageEnableFlag
                0x0000aba2       0x42 ./SDK/platform/drivers/src/adc/adc_driver.o
 .text.ADC_GetHwAverageMode
                0x0000abe4       0x28 ./SDK/platform/drivers/src/adc/adc_driver.o
 .text.ADC_SetHwAverageMode
                0x0000ac0c       0x3c ./SDK/platform/drivers/src/adc/adc_driver.o
 .text.ADC_GetCalibrationActiveFlag
                0x0000ac48       0x32 ./SDK/platform/drivers/src/adc/adc_driver.o
 .text.ADC_SetCalibrationActiveFlag
                0x0000ac7a       0x42 ./SDK/platform/drivers/src/adc/adc_driver.o
 .text.ADC_SetInputChannel
                0x0000acbc       0xb4 ./SDK/platform/drivers/src/adc/adc_driver.o
 .text.ADC_DRV_InitConverterStruct
                0x0000ad70       0x56 ./SDK/platform/drivers/src/adc/adc_driver.o
                0x0000ad70                ADC_DRV_InitConverterStruct
 *fill*         0x0000adc6        0x2 
 .text.ADC_DRV_ConfigConverter
                0x0000adc8       0xe4 ./SDK/platform/drivers/src/adc/adc_driver.o
                0x0000adc8                ADC_DRV_ConfigConverter
 .text.ADC_DRV_Reset
                0x0000aeac       0xc4 ./SDK/platform/drivers/src/adc/adc_driver.o
                0x0000aeac                ADC_DRV_Reset
 .text.ADC_DRV_ConfigChan
                0x0000af70       0x34 ./SDK/platform/drivers/src/adc/adc_driver.o
                0x0000af70                ADC_DRV_ConfigChan
 .text.ADC_DRV_SetSwPretrigger
                0x0000afa4       0x84 ./SDK/platform/drivers/src/adc/adc_driver.o
                0x0000afa4                ADC_DRV_SetSwPretrigger
 .text.ADC_DRV_GetChanResult
                0x0000b028       0x44 ./SDK/platform/drivers/src/adc/adc_driver.o
                0x0000b028                ADC_DRV_GetChanResult
 .text.ADC_DRV_AutoCalibration
                0x0000b06c      0x16c ./SDK/platform/drivers/src/adc/adc_driver.o
                0x0000b06c                ADC_DRV_AutoCalibration
 .text.ADC_DRV_GetInterruptNumber
                0x0000b1d8       0x28 ./SDK/platform/drivers/src/adc/adc_driver.o
                0x0000b1d8                ADC_DRV_GetInterruptNumber
 .text.init_data_bss
                0x0000b200      0x12c ./SDK/platform/devices/startup.o
                0x0000b200                init_data_bss
 .text.SystemInit
                0x0000b32c       0x58 ./SDK/platform/devices/S32K144/startup/system_S32K144.o
                0x0000b32c                SystemInit
 .text.memcpy   0x0000b384       0x16 C:/NXP/S32DS_ARM_v2018.R1/S32DS/arm32_ewl2/lib/thumb/v7e-m/fpv4-sp/hard\libc99.a(memcpy.o)
                0x0000b384                memcpy
 *(.rodata)
 *fill*         0x0000b39a        0x2 
 .rodata        0x0000b39c        0x2 ./SDK/platform/drivers/src/adc/adc_driver.o
 *(.rodata*)
 *fill*         0x0000b39e        0x2 
 .rodata.adcPalTrgmuxTarget
                0x0000b3a0        0x2 ./SDK/platform/pal/src/adc/adc_pal.o
 *fill*         0x0000b3a2        0x2 
 .rodata.s_pdbBase
                0x0000b3a4        0x8 ./SDK/platform/drivers/src/pdb/pdb_driver.o
 .rodata.s_pdbIrqId
                0x0000b3ac        0x2 ./SDK/platform/drivers/src/pdb/pdb_driver.o
 *fill*         0x0000b3ae        0x2 
 .rodata.s_pdbClkNames.7155
                0x0000b3b0        0x2 ./SDK/platform/drivers/src/pdb/pdb_driver.o
 *fill*         0x0000b3b2        0x2 
 .rodata.lptmrPccClockName.7194
                0x0000b3b4        0x1 ./SDK/platform/drivers/src/lptmr/lptmr_driver.o
 *fill*         0x0000b3b5        0x3 
 .rodata.g_ftmBase
                0x0000b3b8       0x10 ./SDK/platform/drivers/src/ftm/ftm_common.o
                0x0000b3b8                g_ftmBase
 .rodata.g_ftmOverflowIrqId
                0x0000b3c8        0x4 ./SDK/platform/drivers/src/ftm/ftm_common.o
                0x0000b3c8                g_ftmOverflowIrqId
 .rodata.g_ftmExtClockSel
                0x0000b3cc        0x8 ./SDK/platform/drivers/src/ftm/ftm_common.o
 .rodata.payload_code.7449
                0x0000b3d4       0x41 ./SDK/platform/drivers/src/flexcan/flexcan_hw_access.o
 *fill*         0x0000b415        0x3 
 .rodata.flexcanBase.7468
                0x0000b418        0xc ./SDK/platform/drivers/src/flexcan/flexcan_hw_access.o
 .rodata.maxMbNum.7469
                0x0000b424        0xc ./SDK/platform/drivers/src/flexcan/flexcan_hw_access.o
 .rodata.g_flexcanBase
                0x0000b430        0xc ./SDK/platform/drivers/src/flexcan/flexcan_driver.o
 .rodata.g_flexcanWakeUpIrqId
                0x0000b43c        0x3 ./SDK/platform/drivers/src/flexcan/flexcan_driver.o
 *fill*         0x0000b43f        0x1 
 .rodata.g_flexcanErrorIrqId
                0x0000b440        0x3 ./SDK/platform/drivers/src/flexcan/flexcan_driver.o
 *fill*         0x0000b443        0x1 
 .rodata.g_flexcanBusOffIrqId
                0x0000b444        0x3 ./SDK/platform/drivers/src/flexcan/flexcan_driver.o
 *fill*         0x0000b447        0x1 
 .rodata.g_flexcanOredMessageBufferIrqId
                0x0000b448        0x6 ./SDK/platform/drivers/src/flexcan/flexcan_driver.o
 *fill*         0x0000b44e        0x2 
 .rodata.clockNameMappings
                0x0000b450       0x9e ./SDK/platform/drivers/src/clock/S32K1xx/clock_S32K1xx.o
                0x0000b450                clockNameMappings
 *fill*         0x0000b4ee        0x2 
 .rodata.peripheralFeaturesList
                0x0000b4f0       0x4f ./SDK/platform/drivers/src/clock/S32K1xx/clock_S32K1xx.o
                0x0000b4f0                peripheralFeaturesList
 *fill*         0x0000b53f        0x1 
 .rodata.tmpSysClk.7668
                0x0000b540        0xc ./SDK/platform/drivers/src/clock/S32K1xx/clock_S32K1xx.o
 .rodata.tmpSysClk.7675
                0x0000b54c        0xc ./SDK/platform/drivers/src/clock/S32K1xx/clock_S32K1xx.o
 .rodata.maxSysClksInRUN.7713
                0x0000b558       0x54 ./SDK/platform/drivers/src/clock/S32K1xx/clock_S32K1xx.o
 .rodata.maxSysClksInVLPR.7712
                0x0000b5ac       0x54 ./SDK/platform/drivers/src/clock/S32K1xx/clock_S32K1xx.o
 .rodata.maxSysClksInHSRUN.7714
                0x0000b600       0x54 ./SDK/platform/drivers/src/clock/S32K1xx/clock_S32K1xx.o
 .rodata.fircFreq.7757
                0x0000b654        0x4 ./SDK/platform/drivers/src/clock/S32K1xx/clock_S32K1xx.o
 .rodata.s_adcBase
                0x0000b658        0x8 ./SDK/platform/drivers/src/adc/adc_driver.o
 .rodata.adcIrqId.7490
                0x0000b660        0x2 ./SDK/platform/drivers/src/adc/adc_driver.o
 *fill*         0x0000b662        0x2 
 .rodata.lpTmr1_config0
                0x0000b664       0x10 ./Generated_Code/lpTmr1.o
                0x0000b664                lpTmr1_config0
 .rodata.can_pal1_instance
                0x0000b674        0x8 ./Generated_Code/can_pal1.o
                0x0000b674                can_pal1_instance
 .rodata.can_pal1_Config0
                0x0000b67c       0x34 ./Generated_Code/can_pal1.o
                0x0000b67c                can_pal1_Config0
 .rodata.adc_pal1_instance
                0x0000b6b0        0x8 ./Generated_Code/adc_pal1.o
                0x0000b6b0                adc_pal1_instance
 .rodata.adc_pal1_InitConfig0
                0x0000b6b8        0xc ./Generated_Code/adc_pal1.o
                0x0000b6b8                adc_pal1_InitConfig0
 .rodata.adc_pal1_GroupArray0
                0x0000b6c4       0x80 ./Generated_Code/adc_pal1.o
                0x0000b6c4                adc_pal1_GroupArray0
 *(.init)
 *(.fini)
 *(.eh_frame)
                0x0000b744                . = ALIGN (0x4)

.glue_7         0x0000b744        0x0
 .glue_7        0x0000b744        0x0 linker stubs

.glue_7t        0x0000b744        0x0
 .glue_7t       0x0000b744        0x0 linker stubs

.vfp11_veneer   0x0000b744        0x0
 .vfp11_veneer  0x0000b744        0x0 linker stubs

.v4_bx          0x0000b744        0x0
 .v4_bx         0x0000b744        0x0 linker stubs

.iplt           0x0000b744        0x0
 .iplt          0x0000b744        0x0 C:/NXP/S32DS_ARM_v2018.R1/S32DS/arm32_ewl2/lib/thumb/v7e-m/fpv4-sp/hard/__arm_start.o

.ARM            0x0000b744        0x8
                0x0000b744                __exidx_start = .
 *(.ARM.exidx*)
 .ARM.exidx     0x0000b744        0x8 c:/nxp/s32ds_arm_v2018.r1/cross_tools/gcc-6.3-arm32-eabi/bin/../lib/gcc/arm-none-eabi/6.3.1/thumb/v7e-m/fpv4-sp/hard\libgcc.a(_udivmoddi4.o)
                0x0000b74c                __exidx_end = .
                0x0000b74c                __etext = .
                0x0000b74c                __DATA_ROM = .

.rel.dyn        0x0000b74c        0x0
 .rel.iplt      0x0000b74c        0x0 C:/NXP/S32DS_ARM_v2018.R1/S32DS/arm32_ewl2/lib/thumb/v7e-m/fpv4-sp/hard/__arm_start.o

.interrupts_ram
                0x1fff8000      0x400
                0x1fff8000                . = ALIGN (0x4)
                0x1fff8000                __VECTOR_RAM__ = .
                0x1fff8000                __RAM_START = .
                0x1fff8000                __interrupts_ram_start__ = .
 *(.m_interrupts_ram)
                0x1fff8400                . = (. + M_VECTOR_RAM_SIZE)
 *fill*         0x1fff8000      0x400 
                0x1fff8400                . = ALIGN (0x4)
                0x1fff8400                __interrupts_ram_end__ = .
                0x1fff8000                __VECTOR_RAM = DEFINED (__flash_vector_table__)?ORIGIN (m_interrupts):__VECTOR_RAM__
                0x00000400                __RAM_VECTOR_TABLE_SIZE = DEFINED (__flash_vector_table__)?0x0:(__interrupts_ram_end__ - __interrupts_ram_start__)

.data           0x1fff8400      0x260 load address 0x0000b74c
                0x1fff8400                . = ALIGN (0x4)
                0x1fff8400                __DATA_RAM = .
                0x1fff8400                __data_start__ = .
 *(.data)
 *(.data*)
 .data.g_voltThresholdValH
                0x1fff8400        0x2 ./Sources/usercode.o
                0x1fff8400                g_voltThresholdValH
 .data.g_blueThresholdVal
                0x1fff8402        0x2 ./Sources/usercode.o
                0x1fff8402                g_blueThresholdVal
 .data.g_tempThresholdValH
                0x1fff8404        0x2 ./Sources/usercode.o
                0x1fff8404                g_tempThresholdValH
 *fill*         0x1fff8406        0x2 
 .data.can0_bufCfg
                0x1fff8408        0x5 ./Sources/usercode.o
                0x1fff8408                can0_bufCfg
 *fill*         0x1fff840d        0x3 
 .data.LLC1_DATA
                0x1fff8410        0x4 ./Sources/usercode.o
                0x1fff8410                LLC1_DATA
 .data.LLS1_DATA
                0x1fff8414        0x4 ./Sources/usercode.o
                0x1fff8414                LLS1_DATA
 .data.currentTaskID
                0x1fff8418        0x1 ./Sources/task.o
                0x1fff8418                currentTaskID
 *fill*         0x1fff8419        0x3 
 .data.peripheralClockConfig.7476
                0x1fff841c       0xa0 ./SDK/platform/drivers/src/clock/S32K1xx/clock_S32K1xx.o
 .data.pwm_pal1Timebase
                0x1fff84bc        0x3 ./Generated_Code/pwm_pal1.o
                0x1fff84bc                pwm_pal1Timebase
 *fill*         0x1fff84bf        0x1 
 .data.pwm_pal1Channels
                0x1fff84c0       0x18 ./Generated_Code/pwm_pal1.o
                0x1fff84c0                pwm_pal1Channels
 .data.pwm_pal1Configs
                0x1fff84d8        0x8 ./Generated_Code/pwm_pal1.o
                0x1fff84d8                pwm_pal1Configs
 .data.g_pin_mux_InitConfigArr
                0x1fff84e0       0x78 ./Generated_Code/pin_mux.o
                0x1fff84e0                g_pin_mux_InitConfigArr
 .data.peripheralClockConfig0
                0x1fff8558       0x5f ./Generated_Code/clockMan1.o
                0x1fff8558                peripheralClockConfig0
 *fill*         0x1fff85b7        0x1 
 .data.clockMan1_InitConfig0
                0x1fff85b8       0x78 ./Generated_Code/clockMan1.o
                0x1fff85b8                clockMan1_InitConfig0
 .data.g_clockManConfigsArr
                0x1fff8630        0x4 ./Generated_Code/clockMan1.o
                0x1fff8630                g_clockManConfigsArr
 .data.adc_pal1_Extension0
                0x1fff8634        0x6 ./Generated_Code/adc_pal1.o
 *fill*         0x1fff863a        0x2 
 .data.adc_pal1_ChansArray01
                0x1fff863c        0xa ./Generated_Code/adc_pal1.o
                0x1fff863c                adc_pal1_ChansArray01
 *fill*         0x1fff8646        0x2 
 .data.adc_pal1_ChansArray02
                0x1fff8648        0xa ./Generated_Code/adc_pal1.o
                0x1fff8648                adc_pal1_ChansArray02
 *fill*         0x1fff8652        0x2 
 .data.adc_pal1_ChansArray03
                0x1fff8654        0xa ./Generated_Code/adc_pal1.o
                0x1fff8654                adc_pal1_ChansArray03
                0x1fff8660                . = ALIGN (0x4)
 *fill*         0x1fff865e        0x2 
                0x1fff8660                __data_end__ = .
                0x0000b9ac                __DATA_END = (__DATA_ROM + (__data_end__ - __data_start__))
                0x0000b9ac                __CODE_ROM = __DATA_END

.igot.plt       0x1fff8660        0x0 load address 0x0000b9ac
 .igot.plt      0x1fff8660        0x0 C:/NXP/S32DS_ARM_v2018.R1/S32DS/arm32_ewl2/lib/thumb/v7e-m/fpv4-sp/hard/__arm_start.o

.code           0x1fff8660        0x0 load address 0x0000b9ac
                0x1fff8660                . = ALIGN (0x4)
                0x1fff8660                __CODE_RAM = .
                0x1fff8660                __code_start__ = .
                0x1fff8660                __code_ram_start__ = .
 *(.code_ram)
                0x1fff8660                . = ALIGN (0x4)
                0x1fff8660                __code_end__ = .
                0x1fff8660                __code_ram_end__ = .
                0x0000b9ac                __CODE_END = (__CODE_ROM + (__code_end__ - __code_start__))
                0x0000b9ac                __CUSTOM_ROM = __CODE_END

.customSectionBlock
                0x20000000        0x0 load address 0x0000b9ac
                0x20000000                __customSection_start__ = .
 *(.customSection)
                0x20000000                __customSection_end__ = .
                0x0000b9ac                __CUSTOM_END = (__CUSTOM_ROM + (__customSection_end__ - __customSection_start__))

.bss            0x20000000      0x4a4
                0x20000000                . = ALIGN (0x4)
                0x20000000                __BSS_START = .
                0x20000000                __bss_start__ = .
 *(.bss)
 *(.bss*)
 .bss.groupConvDone
                0x20000000        0x1 ./Sources/usercode.o
                0x20000000                groupConvDone
 *fill*         0x20000001        0x1 
 .bss.g_blueVal
                0x20000002        0x2 ./Sources/usercode.o
                0x20000002                g_blueVal
 .bss.g_ambientVal
                0x20000004        0x2 ./Sources/usercode.o
                0x20000004                g_ambientVal
 .bss.g_tempVal
                0x20000006        0x2 ./Sources/usercode.o
                0x20000006                g_tempVal
 .bss.g_voltVal
                0x20000008        0x2 ./Sources/usercode.o
                0x20000008                g_voltVal
 *fill*         0x2000000a        0x2 
 .bss.LLC1_BUF  0x2000000c        0x7 ./Sources/usercode.o
                0x2000000c                LLC1_BUF
 *fill*         0x20000013        0x1 
 .bss.LLS1_BUF  0x20000014        0x7 ./Sources/usercode.o
                0x20000014                LLS1_BUF
 .bss.p100Cnt.9464
                0x2000001b        0x1 ./Sources/usercode.o
 .bss.currentTaskNum
                0x2000001c        0x2 ./Sources/task.o
                0x2000001c                currentTaskNum
 .bss.taskNum   0x2000001e        0x2 ./Sources/task.o
                0x2000001e                taskNum
 .bss.fgTaskCritical
                0x20000020        0x1 ./Sources/task.o
                0x20000020                fgTaskCritical
 *fill*         0x20000021        0x3 
 .bss.s_osif_tick_cnt
                0x20000024        0x4 ./SDK/rtos/osif/osif_baremetal.o
 .bss.FtmState  0x20000028       0x60 ./SDK/platform/pal/src/pwm/pwm_pal.o
 .bss.FtmStateInstanceMapping
                0x20000088        0x4 ./SDK/platform/pal/src/pwm/pwm_pal.o
 .bss.FtmStateIsAllocated
                0x2000008c        0x1 ./SDK/platform/pal/src/pwm/pwm_pal.o
 *fill*         0x2000008d        0x3 
 .bss.pwmPalCombChnFlag
                0x20000090       0x20 ./SDK/platform/pal/src/pwm/pwm_pal.o
 .bss.s_flexcanState
                0x200000b0      0x114 ./SDK/platform/pal/src/can/can_pal.o
 .bss.s_flexcanStateInstanceMapping
                0x200001c4        0x4 ./SDK/platform/pal/src/can/can_pal.o
 .bss.s_flexcanStateIsAllocated
                0x200001c8        0x1 ./SDK/platform/pal/src/can/can_pal.o
 *fill*         0x200001c9        0x3 
 .bss.s_hwObjConfigs
                0x200001cc       0x80 ./SDK/platform/pal/src/can/can_pal.o
 .bss.s_flexcanRxFifoState
                0x2000024c        0x2 ./SDK/platform/pal/src/can/can_pal.o
 *fill*         0x2000024e        0x2 
 .bss.userCallbacks
                0x20000250        0x4 ./SDK/platform/pal/src/can/can_pal.o
 .bss.adcPalState
                0x20000254       0x38 ./SDK/platform/pal/src/adc/adc_pal.o
 .bss.g_interruptDisableCount
                0x2000028c        0x4 ./SDK/platform/drivers/src/interrupt/interrupt_manager.o
 .bss.ftmStatePtr
                0x20000290       0x10 ./SDK/platform/drivers/src/ftm/ftm_common.o
                0x20000290                ftmStatePtr
 .bss.g_flexcanStatePtr
                0x200002a0        0xc ./SDK/platform/drivers/src/flexcan/flexcan_driver.o
 .bss.s_virtEdmaState
                0x200002ac        0x4 ./SDK/platform/drivers/src/edma/edma_driver.o
 .bss.g_clockState
                0x200002b0       0x10 ./SDK/platform/drivers/src/clock/S32K1xx/clock_S32K1xx.o
 .bss.pwm_pal1Instance
                0x200002c0        0x8 ./Generated_Code/pwm_pal1.o
                0x200002c0                pwm_pal1Instance
 .bss.g_clockManCallbacksArr
                0x200002c8        0x4 ./Generated_Code/clockMan1.o
                0x200002c8                g_clockManCallbacksArr
 .bss.adc_pal1_ChansArray00
                0x200002cc        0xa ./Generated_Code/adc_pal1.o
                0x200002cc                adc_pal1_ChansArray00
 *(COMMON)
 *fill*         0x200002d6        0x2 
 COMMON         0x200002d8       0x98 ./Sources/usercode.o
                0x200002d8                LLS1_Tx_Msg
                0x20000324                LLC1_Rx_Msg
 COMMON         0x20000370       0xf0 ./Sources/task.o
                0x20000370                taskList
 COMMON         0x20000460       0x14 ./SDK/platform/drivers/src/clock/S32K1xx/clock_S32K1xx.o
                0x20000460                g_xtal0ClkFreq
                0x20000464                g_RtcClkInFreq
                0x20000468                g_TClkFreq
 COMMON         0x20000474       0x2e ./Generated_Code/adc_pal1.o
                0x20000474                adc_pal1_Results00
                0x20000480                adc_pal1_Results02
                0x2000048c                adc_pal1_Results03
                0x20000498                adc_pal1_Results01
                0x200004a4                . = ALIGN (0x4)
 *fill*         0x200004a2        0x2 
                0x200004a4                __bss_end__ = .
                0x200004a4                __BSS_END = .

.heap           0x200004a4      0x404
                0x200004a8                . = ALIGN (0x8)
 *fill*         0x200004a4        0x4 
                0x200004a8                __end__ = .
                0x200004a8                __heap_start__ = .
                [!provide]                PROVIDE (end, .)
                [!provide]                PROVIDE (_end, .)
                [!provide]                PROVIDE (__end, .)
                0x200004a8                __HeapBase = .
                0x200008a8                . = (. + HEAP_SIZE)
 *fill*         0x200004a8      0x400 
                0x200008a8                __HeapLimit = .
                0x200008a8                __heap_limit = .
                0x200008a8                __heap_end__ = .
                0x20007000                __StackTop = (ORIGIN (m_data_2) + LENGTH (m_data_2))
                0x20006c00                __StackLimit = (__StackTop - STACK_SIZE)
                [!provide]                PROVIDE (__stack, __StackTop)
                0x20007000                __RAM_END = __StackTop

.stack          0x20006c00      0x400
                0x20006c00                . = ALIGN (0x8)
                0x20006c00                __stack_start__ = .
                0x20007000                . = (. + STACK_SIZE)
 *fill*         0x20006c00      0x400 
                0x20007000                __stack_end__ = .

.ARM.attributes
                0x00000000       0x37
 *(.ARM.attributes)
 .ARM.attributes
                0x00000000       0x39 ./Sources/usercode.o
 .ARM.attributes
                0x00000039       0x39 ./Sources/task.o
 .ARM.attributes
                0x00000072       0x39 ./Sources/main.o
 .ARM.attributes
                0x000000ab       0x39 ./SDK/rtos/osif/osif_baremetal.o
 .ARM.attributes
                0x000000e4       0x39 ./SDK/platform/pal/src/pwm/pwm_pal.o
 .ARM.attributes
                0x0000011d       0x39 ./SDK/platform/pal/src/can/can_pal.o
 .ARM.attributes
                0x00000156       0x39 ./SDK/platform/pal/src/adc/adc_pal.o
 .ARM.attributes
                0x0000018f       0x39 ./SDK/platform/pal/src/adc/adc_irq.o
 .ARM.attributes
                0x000001c8       0x39 ./SDK/platform/drivers/src/trgmux/trgmux_hw_access.o
 .ARM.attributes
                0x00000201       0x39 ./SDK/platform/drivers/src/trgmux/trgmux_driver.o
 .ARM.attributes
                0x0000023a       0x39 ./SDK/platform/drivers/src/pins/pins_port_hw_access.o
 .ARM.attributes
                0x00000273       0x39 ./SDK/platform/drivers/src/pins/pins_driver.o
 .ARM.attributes
                0x000002ac       0x39 ./SDK/platform/drivers/src/pdb/pdb_hw_access.o
 .ARM.attributes
                0x000002e5       0x39 ./SDK/platform/drivers/src/pdb/pdb_driver.o
 .ARM.attributes
                0x0000031e       0x39 ./SDK/platform/drivers/src/lptmr/lptmr_hw_access.o
 .ARM.attributes
                0x00000357       0x39 ./SDK/platform/drivers/src/lptmr/lptmr_driver.o
 .ARM.attributes
                0x00000390       0x39 ./SDK/platform/drivers/src/interrupt/interrupt_manager.o
 .ARM.attributes